Archive member included to satisfy reference by file (symbol)

/usr/lib/gcc/arm-none-eabi/13.1.0/../../../../arm-none-eabi/lib/thumb/v7e-m+fp/hard/libc_nano.a(libc_a-atexit.o)
                              /usr/lib/gcc/arm-none-eabi/13.1.0/../../../../arm-none-eabi/lib/thumb/v7e-m+fp/hard/crt0.o (atexit)
/usr/lib/gcc/arm-none-eabi/13.1.0/../../../../arm-none-eabi/lib/thumb/v7e-m+fp/hard/libc_nano.a(libc_a-exit.o)
                              /usr/lib/gcc/arm-none-eabi/13.1.0/../../../../arm-none-eabi/lib/thumb/v7e-m+fp/hard/crt0.o (exit)
/usr/lib/gcc/arm-none-eabi/13.1.0/../../../../arm-none-eabi/lib/thumb/v7e-m+fp/hard/libc_nano.a(libc_a-nano-vfprintf_float.o)
                              (_printf_float)
/usr/lib/gcc/arm-none-eabi/13.1.0/../../../../arm-none-eabi/lib/thumb/v7e-m+fp/hard/libc_nano.a(libc_a-nano-vfprintf_i.o)
                              /usr/lib/gcc/arm-none-eabi/13.1.0/../../../../arm-none-eabi/lib/thumb/v7e-m+fp/hard/libc_nano.a(libc_a-nano-vfprintf_float.o) (_printf_common)
/usr/lib/gcc/arm-none-eabi/13.1.0/../../../../arm-none-eabi/lib/thumb/v7e-m+fp/hard/libc_nano.a(libc_a-findfp.o)
                              /usr/lib/gcc/arm-none-eabi/13.1.0/../../../../arm-none-eabi/lib/thumb/v7e-m+fp/hard/libc_nano.a(libc_a-exit.o) (__stdio_exit_handler)
/usr/lib/gcc/arm-none-eabi/13.1.0/../../../../arm-none-eabi/lib/thumb/v7e-m+fp/hard/libc_nano.a(libc_a-fwalk.o)
                              /usr/lib/gcc/arm-none-eabi/13.1.0/../../../../arm-none-eabi/lib/thumb/v7e-m+fp/hard/libc_nano.a(libc_a-findfp.o) (_fwalk_sglue)
/usr/lib/gcc/arm-none-eabi/13.1.0/../../../../arm-none-eabi/lib/thumb/v7e-m+fp/hard/libc_nano.a(libc_a-snprintf.o)
                              build/logger.o (snprintf)
/usr/lib/gcc/arm-none-eabi/13.1.0/../../../../arm-none-eabi/lib/thumb/v7e-m+fp/hard/libc_nano.a(libc_a-stdio.o)
                              /usr/lib/gcc/arm-none-eabi/13.1.0/../../../../arm-none-eabi/lib/thumb/v7e-m+fp/hard/libc_nano.a(libc_a-findfp.o) (__sread)
/usr/lib/gcc/arm-none-eabi/13.1.0/../../../../arm-none-eabi/lib/thumb/v7e-m+fp/hard/libc_nano.a(libc_a-vsnprintf.o)
                              build/logger.o (vsnprintf)
/usr/lib/gcc/arm-none-eabi/13.1.0/../../../../arm-none-eabi/lib/thumb/v7e-m+fp/hard/libc_nano.a(libc_a-memset.o)
                              /usr/lib/gcc/arm-none-eabi/13.1.0/../../../../arm-none-eabi/lib/thumb/v7e-m+fp/hard/crt0.o (memset)
/usr/lib/gcc/arm-none-eabi/13.1.0/../../../../arm-none-eabi/lib/thumb/v7e-m+fp/hard/libc_nano.a(libc_a-localeconv.o)
                              /usr/lib/gcc/arm-none-eabi/13.1.0/../../../../arm-none-eabi/lib/thumb/v7e-m+fp/hard/libc_nano.a(libc_a-nano-vfprintf_float.o) (_localeconv_r)
/usr/lib/gcc/arm-none-eabi/13.1.0/../../../../arm-none-eabi/lib/thumb/v7e-m+fp/hard/libc_nano.a(libc_a-closer.o)
                              /usr/lib/gcc/arm-none-eabi/13.1.0/../../../../arm-none-eabi/lib/thumb/v7e-m+fp/hard/libc_nano.a(libc_a-stdio.o) (_close_r)
/usr/lib/gcc/arm-none-eabi/13.1.0/../../../../arm-none-eabi/lib/thumb/v7e-m+fp/hard/libc_nano.a(libc_a-reent.o)
                              /usr/lib/gcc/arm-none-eabi/13.1.0/../../../../arm-none-eabi/lib/thumb/v7e-m+fp/hard/libc_nano.a(libc_a-closer.o) (errno)
/usr/lib/gcc/arm-none-eabi/13.1.0/../../../../arm-none-eabi/lib/thumb/v7e-m+fp/hard/libc_nano.a(libc_a-impure.o)
                              /usr/lib/gcc/arm-none-eabi/13.1.0/../../../../arm-none-eabi/lib/thumb/v7e-m+fp/hard/libc_nano.a(libc_a-snprintf.o) (_impure_ptr)
/usr/lib/gcc/arm-none-eabi/13.1.0/../../../../arm-none-eabi/lib/thumb/v7e-m+fp/hard/libc_nano.a(libc_a-lseekr.o)
                              /usr/lib/gcc/arm-none-eabi/13.1.0/../../../../arm-none-eabi/lib/thumb/v7e-m+fp/hard/libc_nano.a(libc_a-stdio.o) (_lseek_r)
/usr/lib/gcc/arm-none-eabi/13.1.0/../../../../arm-none-eabi/lib/thumb/v7e-m+fp/hard/libc_nano.a(libc_a-readr.o)
                              /usr/lib/gcc/arm-none-eabi/13.1.0/../../../../arm-none-eabi/lib/thumb/v7e-m+fp/hard/libc_nano.a(libc_a-stdio.o) (_read_r)
/usr/lib/gcc/arm-none-eabi/13.1.0/../../../../arm-none-eabi/lib/thumb/v7e-m+fp/hard/libc_nano.a(libc_a-writer.o)
                              /usr/lib/gcc/arm-none-eabi/13.1.0/../../../../arm-none-eabi/lib/thumb/v7e-m+fp/hard/libc_nano.a(libc_a-stdio.o) (_write_r)
/usr/lib/gcc/arm-none-eabi/13.1.0/../../../../arm-none-eabi/lib/thumb/v7e-m+fp/hard/libc_nano.a(libc_a-init.o)
                              /usr/lib/gcc/arm-none-eabi/13.1.0/../../../../arm-none-eabi/lib/thumb/v7e-m+fp/hard/crt0.o (__libc_init_array)
/usr/lib/gcc/arm-none-eabi/13.1.0/../../../../arm-none-eabi/lib/thumb/v7e-m+fp/hard/libc_nano.a(libc_a-fini.o)
                              /usr/lib/gcc/arm-none-eabi/13.1.0/../../../../arm-none-eabi/lib/thumb/v7e-m+fp/hard/crt0.o (__libc_fini_array)
/usr/lib/gcc/arm-none-eabi/13.1.0/../../../../arm-none-eabi/lib/thumb/v7e-m+fp/hard/libc_nano.a(libc_a-lock.o)
[...]
Memory Configuration

Name             Origin             Length             Attributes
RAM              0x20000000         0x00020000         xrw
FLASH            0x08000000         0x00080000         xr
*default*        0x00000000         0xffffffff

Linker script and memory map

LOAD /usr/lib/gcc/arm-none-eabi/13.1.0/thumb/v7e-m+fp/hard/crti.o
LOAD /usr/lib/gcc/arm-none-eabi/13.1.0/thumb/v7e-m+fp/hard/crtbegin.o
LOAD /usr/lib/gcc/arm-none-eabi/13.1.0/../../../../arm-none-eabi/lib/thumb/v7e-m+fp/hard/crt0.o
LOAD build/adc.o
LOAD build/anal.o
LOAD build/can.o
LOAD build/can_send_timebase.o
LOAD build/can_utils.o
LOAD build/dma.o
LOAD build/gpio.o
LOAD build/logger_wrapper.o
LOAD build/main.o
LOAD build/sc22_evo_canlv.o
LOAD build/spi.o
LOAD build/stm32f4xx_hal_msp.o
LOAD build/stm32f4xx_it.o
LOAD build/system_stm32f4xx.o
LOAD build/tim.o
LOAD build/usart.o
LOAD build/stm32f4xx_hal.o
LOAD build/stm32f4xx_hal_adc.o
LOAD build/stm32f4xx_hal_adc_ex.o
LOAD build/stm32f4xx_hal_can.o
LOAD build/stm32f4xx_hal_cortex.o
LOAD build/stm32f4xx_hal_dma.o
LOAD build/stm32f4xx_hal_dma_ex.o
LOAD build/stm32f4xx_hal_exti.o
LOAD build/stm32f4xx_hal_flash.o
LOAD build/stm32f4xx_hal_flash_ex.o
LOAD build/stm32f4xx_hal_flash_ramfunc.o
LOAD build/stm32f4xx_hal_gpio.o
LOAD build/stm32f4xx_hal_pwr.o
LOAD build/stm32f4xx_hal_pwr_ex.o
LOAD build/stm32f4xx_hal_rcc.o
LOAD build/stm32f4xx_hal_rcc_ex.o
LOAD build/stm32f4xx_hal_spi.o
LOAD build/stm32f4xx_hal_tim.o
LOAD build/stm32f4xx_hal_tim_ex.o
LOAD build/stm32f4xx_hal_uart.o
LOAD build/stm32f4xx_ll_adc.o
LOAD build/circular_buffer.o
LOAD build/error_utils.o
LOAD build/fsm.o
LOAD build/logger.o
LOAD build/longcounter.o
LOAD build/pwm.o
LOAD build/timebase.o
LOAD build/timer_utils.o
LOAD build/startup_stm32f446xx.o
LOAD /usr/lib/gcc/arm-none-eabi/13.1.0/../../../../arm-none-eabi/lib/thumb/v7e-m+fp/hard/libc_nano.a
LOAD /usr/lib/gcc/arm-none-eabi/13.1.0/../../../../arm-none-eabi/lib/thumb/v7e-m+fp/hard/libm.a
LOAD /usr/lib/gcc/arm-none-eabi/13.1.0/../../../../arm-none-eabi/lib/thumb/v7e-m+fp/hard/libnosys.a
START GROUP
LOAD /usr/lib/gcc/arm-none-eabi/13.1.0/thumb/v7e-m+fp/hard/libgcc.a
LOAD /usr/lib/gcc/arm-none-eabi/13.1.0/../../../../arm-none-eabi/lib/thumb/v7e-m+fp/hard/libc_nano.a
END GROUP
START GROUP
LOAD /usr/lib/gcc/arm-none-eabi/13.1.0/thumb/v7e-m+fp/hard/libgcc.a
LOAD /usr/lib/gcc/arm-none-eabi/13.1.0/../../../../arm-none-eabi/lib/thumb/v7e-m+fp/hard/libc_nano.a
END GROUP
LOAD /usr/lib/gcc/arm-none-eabi/13.1.0/thumb/v7e-m+fp/hard/crtend.o
LOAD /usr/lib/gcc/arm-none-eabi/13.1.0/thumb/v7e-m+fp/hard/crtn.o
                0x20020000                        _estack = (ORIGIN (RAM) + LENGTH (RAM))
                0x00000200                        _Min_Heap_Size = 0x200
                0x00000400                        _Min_Stack_Size = 0x400

.isr_vector     0x08000000      0x1c4
                0x08000000                        . = ALIGN (0x4)
 *(.isr_vector)
 .isr_vector    0x08000000      0x1c4 build/startup_stm32f446xx.o
                0x08000000                g_pfnVectors
                0x080001c4                        . = ALIGN (0x4)

.text           0x080001d0     0x8484
                0x080001d0                        . = ALIGN (0x4)
 *(.text)
 .text          0x080001d0       0xa0 /usr/lib/gcc/arm-none-eabi/13.1.0/../../../../arm-none-eabi/lib/thumb/v7e-m+fp/hard/libc_nano.a(libc_a-memchr.o)
                0x080001d0                memchr
 .text          0x08000270       0x10 /usr/lib/gcc/arm-none-eabi/13.1.0/../../../../arm-none-eabi/lib/thumb/v7e-m+fp/hard/libc_nano.a(libc_a-strlen.o)
                0x08000270                strlen
 .text          0x08000280      0x378 /usr/lib/gcc/arm-none-eabi/13.1.0/thumb/v7e-m+fp/hard/libgcc.a(_arm_addsubdf3.o)
                0x08000280                __aeabi_drsub
                0x08000288                __aeabi_dsub
                0x08000288                __subdf3
                0x0800028c                __adddf3
                0x0800028c                __aeabi_dadd
                0x08000504                __aeabi_ui2d
                0x08000504                __floatunsidf
                0x08000524                __floatsidf
                0x08000524                __aeabi_i2d
                0x08000548                __extendsfdf2
                0x08000548                __aeabi_f2d
                0x0800058c                __aeabi_ul2d
                0x0800058c                __floatundidf
                0x0800059c                __floatdidf
                0x0800059c                __aeabi_l2d
 .text          0x080005f8      0x424 /usr/lib/gcc/arm-none-eabi/13.1.0/thumb/v7e-m+fp/hard/libgcc.a(_arm_muldivdf3.o)
                0x080005f8                __aeabi_dmul
                0x080005f8                __muldf3
                0x0800084c                __aeabi_ddiv
                0x0800084c                __divdf3
 .text          0x08000a1c      0x110 /usr/lib/gcc/arm-none-eabi/13.1.0/thumb/v7e-m+fp/hard/libgcc.a(_arm_cmpdf2.o)
                0x08000a1c                __gtdf2
                0x08000a1c                __gedf2
                0x08000a24                __ltdf2
                0x08000a24                __ledf2
                0x08000a2c                __cmpdf2
                0x08000a2c                __eqdf2
                0x08000a2c                __nedf2
                0x08000aa8                __aeabi_cdrcmple
                0x08000ab8                __aeabi_cdcmple
                0x08000ab8                __aeabi_cdcmpeq
                0x08000ac8                __aeabi_dcmpeq
                0x08000adc                __aeabi_dcmplt
                0x08000af0                __aeabi_dcmple
                0x08000b04                __aeabi_dcmpge
                0x08000b18                __aeabi_dcmpgt
 .text          0x08000b2c       0x2c /usr/lib/gcc/arm-none-eabi/13.1.0/thumb/v7e-m+fp/hard/libgcc.a(_arm_unorddf2.o)
                0x08000b2c                __aeabi_dcmpun
                0x08000b2c                __unorddf2
 .text          0x08000b58       0x50 /usr/lib/gcc/arm-none-eabi/13.1.0/thumb/v7e-m+fp/hard/libgcc.a(_arm_fixdfsi.o)
                0x08000b58                __fixdfsi
                0x08000b58                __aeabi_d2iz
 .text          0x08000ba8       0x40 /usr/lib/gcc/arm-none-eabi/13.1.0/thumb/v7e-m+fp/hard/libgcc.a(_arm_fixunsdfsi.o)
                0x08000ba8                __fixunsdfsi
                0x08000ba8                __aeabi_d2uiz
 .text          0x08000be8       0x30 /usr/lib/gcc/arm-none-eabi/13.1.0/thumb/v7e-m+fp/hard/libgcc.a(_aeabi_uldivmod.o)
                0x08000be8                __aeabi_uldivmod
 .text          0x08000c18        0x4 /usr/lib/gcc/arm-none-eabi/13.1.0/thumb/v7e-m+fp/hard/libgcc.a(_dvmd_tls.o)
                0x08000c18                __aeabi_ldiv0
                0x08000c18                __aeabi_idiv0
 *(.text*)
 .text.__do_global_dtors_aux
                0x08000c1c       0x24 /usr/lib/gcc/arm-none-eabi/13.1.0/thumb/v7e-m+fp/hard/crtbegin.o
 .text.frame_dummy
                0x08000c40       0x1c /usr/lib/gcc/arm-none-eabi/13.1.0/thumb/v7e-m+fp/hard/crtbegin.o
 .text.MX_ADC1_Init
                0x08000c5c      0x1ac build/adc.o
                0x08000c5c                MX_ADC1_Init
 .text.MX_ADC3_Init
                0x08000e08       0x70 build/adc.o
                0x08000e08                MX_ADC3_Init
 .text.HAL_ADC_MspInit
                0x08000e78      0x160 build/adc.o
                0x08000e78                HAL_ADC_MspInit
 .text.HAL_ADC_ConvCpltCallback
                0x08000fd8        0x8 build/adc.o
                0x08000fd8                HAL_ADC_ConvCpltCallback
 .text.anal_init
                0x08000fe0       0x3c build/anal.o
                0x08000fe0                anal_init
 .text.anal_adc_callback
                0x0800101c       0x90 build/anal.o
                0x0800101c                anal_adc_callback
 .text.anal_get_pin_mv
                0x080010ac       0x2c build/anal.o
                0x080010ac                anal_get_pin_mv
 .text.MX_CAN1_Init
                0x080010d8       0x44 build/can.o
                0x080010d8                MX_CAN1_Init
 .text.HAL_CAN_MspInit
                0x0800111c       0xb0 build/can.o
                0x0800111c                HAL_CAN_MspInit
 .text.front_1_cb
                0x080011cc        0xc build/can_send_timebase.o
                0x080011cc                front_1_cb
 .text.front_2_cb
                0x080011d8        0xc build/can_send_timebase.o
                0x080011d8                front_2_cb
 .text.front_3_cb
                0x080011e4        0xe build/can_send_timebase.o
                0x080011e4                front_3_cb
 .text.front_ntc_cb
                0x080011f2        0xe build/can_send_timebase.o
                0x080011f2                front_ntc_cb
 .text.front_sd_status_cb
                0x08001200        0xc build/can_send_timebase.o
                0x08001200                front_sd_status_cb
 .text.rear_1_cb
                0x0800120c        0xc build/can_send_timebase.o
                0x0800120c                rear_1_cb
 .text.rear_2_cb
                0x08001218        0xe build/can_send_timebase.o
                0x08001218                rear_2_cb
 .text.rear_3_cb
                0x08001226        0xe build/can_send_timebase.o
                0x08001226                rear_3_cb
 .text.rear_ntc_cb
                0x08001234        0xe build/can_send_timebase.o
                0x08001234                rear_ntc_cb
 .text.rear_sd_status_cb
                0x08001242        0xc build/can_send_timebase.o
                0x08001242                rear_sd_status_cb
 *fill*         0x0800124e        0x2 
 .text.can_send_timebase_init
                0x08001250       0xe0 build/can_send_timebase.o
                0x08001250                can_send_timebase_init
 .text.can_send_timebase_routine
                0x08001330       0x10 build/can_send_timebase.o
                0x08001330                can_send_timebase_routine
 .text.can_send_timebase_timerElapsed_irq
                0x08001340       0x10 build/can_send_timebase.o
                0x08001340                can_send_timebase_timerElapsed_irq
 .text.__NVIC_SystemReset
                0x08001350       0x24 build/can_utils.o
 .text.can_init
                0x08001374       0x40 build/can_utils.o
                0x08001374                can_init
 .text.can_wait
                0x080013b4       0x26 build/can_utils.o
                0x080013b4                can_wait
 .text.can_send
                0x080013da       0x30 build/can_utils.o
                0x080013da                can_send
 *fill*         0x0800140a        0x2 
 .text.can_send_msg
                0x0800140c      0x1f0 build/can_utils.o
                0x0800140c                can_send_msg
 .text.HAL_CAN_ErrorCallback
                0x080015fc       0x18 build/can_utils.o
                0x080015fc                HAL_CAN_ErrorCallback
 .text.HAL_CAN_RxFifo0MsgPendingCallback
                0x08001614       0x24 build/can_utils.o
                0x08001614                HAL_CAN_RxFifo0MsgPendingCallback
 .text.MX_DMA_Init
                0x08001638       0x34 build/dma.o
                0x08001638                MX_DMA_Init
 .text.MX_GPIO_Init
                0x0800166c      0x154 build/gpio.o
                0x0800166c                MX_GPIO_Init
 .text.logger_flush
                0x080017c0       0x24 build/logger_wrapper.o
                0x080017c0                logger_flush
 .text.logger_init
                0x080017e4       0x20 build/logger_wrapper.o
                0x080017e4                logger_init
 .text.logger_routine
                0x08001804       0x10 build/logger_wrapper.o
                0x08001804                logger_routine
 .text.Error_Handler
                0x08001814        0x4 build/main.o
                0x08001814                Error_Handler
 .text.SystemClock_Config
                0x08001818       0xb4 build/main.o
                0x08001818                SystemClock_Config
 .text.main     0x080018cc       0x90 build/main.o
                0x080018cc                main
 .text.sc22_evo_canlv_sens_front_1_pack
                0x0800195c       0x3c build/sc22_evo_canlv.o
                0x0800195c                sc22_evo_canlv_sens_front_1_pack
 .text.sc22_evo_canlv_sens_front_1_throttle_0_voltage_m_v_encode
                0x08001998        0xc build/sc22_evo_canlv.o
                0x08001998                sc22_evo_canlv_sens_front_1_throttle_0_voltage_m_v_encode
 .text.sc22_evo_canlv_sens_front_1_throttle_1_voltage_m_v_encode
                0x080019a4        0xc build/sc22_evo_canlv.o
                0x080019a4                sc22_evo_canlv_sens_front_1_throttle_1_voltage_m_v_encode
 .text.sc22_evo_canlv_sens_front_1_steering_voltage_m_v_encode
                0x080019b0        0xc build/sc22_evo_canlv.o
                0x080019b0                sc22_evo_canlv_sens_front_1_steering_voltage_m_v_encode
 .text.sc22_evo_canlv_sens_front_1_brake_straingauge_voltage_m_v_encode
                0x080019bc        0xc build/sc22_evo_canlv.o
                0x080019bc                sc22_evo_canlv_sens_front_1_brake_straingauge_voltage_m_v_encode
 .text.sc22_evo_canlv_sens_front_2_pack
                0x080019c8       0x32 build/sc22_evo_canlv.o
                0x080019c8                sc22_evo_canlv_sens_front_2_pack
 .text.sc22_evo_canlv_sens_front_2_pot_fl_voltage_m_v_encode
                0x080019fa        0xc build/sc22_evo_canlv.o
                0x080019fa                sc22_evo_canlv_sens_front_2_pot_fl_voltage_m_v_encode
 .text.sc22_evo_canlv_sens_front_2_pot_fr_voltage_m_v_encode
                0x08001a06        0xc build/sc22_evo_canlv.o
                0x08001a06                sc22_evo_canlv_sens_front_2_pot_fr_voltage_m_v_encode
 .text.sc22_evo_canlv_sens_front_2_brake_pressure_voltage_m_v_encode
                0x08001a12        0xc build/sc22_evo_canlv.o
                0x08001a12                sc22_evo_canlv_sens_front_2_brake_pressure_voltage_m_v_encode
 .text.sc22_evo_canlv_sens_front_3_pack
                0x08001a1e       0x3c build/sc22_evo_canlv.o
                0x08001a1e                sc22_evo_canlv_sens_front_3_pack
 .text.sc22_evo_canlv_sens_front_3_straingauge_push_fr_voltage_m_v_encode
                0x08001a5a        0xc build/sc22_evo_canlv.o
                0x08001a5a                sc22_evo_canlv_sens_front_3_straingauge_push_fr_voltage_m_v_encode
 .text.sc22_evo_canlv_sens_front_3_straingauge_tie_fr_voltage_m_v_encode
                0x08001a66        0xc build/sc22_evo_canlv.o
                0x08001a66                sc22_evo_canlv_sens_front_3_straingauge_tie_fr_voltage_m_v_encode
 .text.sc22_evo_canlv_sens_front_3_straingauge_push_fl_voltage_m_v_encode
                0x08001a72        0xc build/sc22_evo_canlv.o
                0x08001a72                sc22_evo_canlv_sens_front_3_straingauge_push_fl_voltage_m_v_encode
 .text.sc22_evo_canlv_sens_front_3_straingauge_tie_fl_voltage_m_v_encode
                0x08001a7e        0xc build/sc22_evo_canlv.o
                0x08001a7e                sc22_evo_canlv_sens_front_3_straingauge_tie_fl_voltage_m_v_encode
 .text.sc22_evo_canlv_sens_rear_1_pack
                0x08001a8a       0x32 build/sc22_evo_canlv.o
                0x08001a8a                sc22_evo_canlv_sens_rear_1_pack
 .text.sc22_evo_canlv_sens_rear_1_pot_rl_voltage_m_v_encode
                0x08001abc        0xc build/sc22_evo_canlv.o
                0x08001abc                sc22_evo_canlv_sens_rear_1_pot_rl_voltage_m_v_encode
 .text.sc22_evo_canlv_sens_rear_1_pot_rr_voltage_rr_encode
                0x08001ac8        0xc build/sc22_evo_canlv.o
                0x08001ac8                sc22_evo_canlv_sens_rear_1_pot_rr_voltage_rr_encode
 .text.sc22_evo_canlv_sens_rear_1_brake_pressure_rear_voltage_m_v_encode
                0x08001ad4        0xc build/sc22_evo_canlv.o
                0x08001ad4                sc22_evo_canlv_sens_rear_1_brake_pressure_rear_voltage_m_v_encode
 .text.sc22_evo_canlv_sens_rear_3_straingauge_push_rr_voltage_m_v_encode
                0x08001ae0        0xc build/sc22_evo_canlv.o
                0x08001ae0                sc22_evo_canlv_sens_rear_3_straingauge_push_rr_voltage_m_v_encode
 .text.sc22_evo_canlv_sens_rear_3_straingauge_tie_rr_voltage_m_v_encode
                0x08001aec        0xc build/sc22_evo_canlv.o
                0x08001aec                sc22_evo_canlv_sens_rear_3_straingauge_tie_rr_voltage_m_v_encode
 .text.sc22_evo_canlv_sens_rear_3_straingauge_push_rl_voltage_m_v_encode
                0x08001af8        0xc build/sc22_evo_canlv.o
                0x08001af8                sc22_evo_canlv_sens_rear_3_straingauge_push_rl_voltage_m_v_encode
 .text.sc22_evo_canlv_sens_rear_3_straingauge_tie_rl_voltage_m_v_encode
                0x08001b04        0xc build/sc22_evo_canlv.o
                0x08001b04                sc22_evo_canlv_sens_rear_3_straingauge_tie_rl_voltage_m_v_encode
 .text.sc22_evo_canlv_sens_rear_2_pack
                0x08001b10       0x26 build/sc22_evo_canlv.o
                0x08001b10                sc22_evo_canlv_sens_rear_2_pack
 .text.sc22_evo_canlv_sens_rear_2_cooling_pressure_dx_voltage_m_v_encode
                0x08001b36        0xc build/sc22_evo_canlv.o
                0x08001b36                sc22_evo_canlv_sens_rear_2_cooling_pressure_dx_voltage_m_v_encode
 .text.sc22_evo_canlv_sens_rear_2_cooling_pressure_sx_voltage_m_v_encode
                0x08001b42        0xc build/sc22_evo_canlv.o
                0x08001b42                sc22_evo_canlv_sens_rear_2_cooling_pressure_sx_voltage_m_v_encode
 *fill*         0x08001b4e        0x2 
 .text.MX_SPI2_Init
                0x08001b50       0x40 build/spi.o
                0x08001b50                MX_SPI2_Init
 .text.MX_SPI3_Init
                0x08001b90       0x40 build/spi.o
                0x08001b90                MX_SPI3_Init
 .text.HAL_SPI_MspInit
                0x08001bd0      0x118 build/spi.o
                0x08001bd0                HAL_SPI_MspInit
 .text.HAL_MspInit
                0x08001ce8       0x38 build/stm32f4xx_hal_msp.o
                0x08001ce8                HAL_MspInit
 .text.NMI_Handler
                0x08001d20        0x2 build/stm32f4xx_it.o
                0x08001d20                NMI_Handler
 .text.HardFault_Handler
                0x08001d22        0x2 build/stm32f4xx_it.o
                0x08001d22                HardFault_Handler
 .text.MemManage_Handler
                0x08001d24        0x2 build/stm32f4xx_it.o
                0x08001d24                MemManage_Handler
 .text.BusFault_Handler
                0x08001d26        0x2 build/stm32f4xx_it.o
                0x08001d26                BusFault_Handler
 .text.UsageFault_Handler
                0x08001d28        0x2 build/stm32f4xx_it.o
                0x08001d28                UsageFault_Handler
 .text.SVC_Handler
                0x08001d2a        0x2 build/stm32f4xx_it.o
                0x08001d2a                SVC_Handler
 .text.DebugMon_Handler
                0x08001d2c        0x2 build/stm32f4xx_it.o
                0x08001d2c                DebugMon_Handler
 .text.PendSV_Handler
                0x08001d2e        0x2 build/stm32f4xx_it.o
                0x08001d2e                PendSV_Handler
 .text.SysTick_Handler
                0x08001d30        0x8 build/stm32f4xx_it.o
                0x08001d30                SysTick_Handler
 .text.ADC_IRQHandler
                0x08001d38       0x18 build/stm32f4xx_it.o
                0x08001d38                ADC_IRQHandler
 .text.CAN1_TX_IRQHandler
                0x08001d50       0x10 build/stm32f4xx_it.o
                0x08001d50                CAN1_TX_IRQHandler
 .text.CAN1_RX0_IRQHandler
                0x08001d60       0x10 build/stm32f4xx_it.o
                0x08001d60                CAN1_RX0_IRQHandler
 .text.CAN1_RX1_IRQHandler
                0x08001d70       0x10 build/stm32f4xx_it.o
                0x08001d70                CAN1_RX1_IRQHandler
 .text.CAN1_SCE_IRQHandler
                0x08001d80       0x10 build/stm32f4xx_it.o
                0x08001d80                CAN1_SCE_IRQHandler
 .text.TIM2_IRQHandler
                0x08001d90       0x10 build/stm32f4xx_it.o
                0x08001d90                TIM2_IRQHandler
 .text.USART1_IRQHandler
                0x08001da0       0x10 build/stm32f4xx_it.o
                0x08001da0                USART1_IRQHandler
 .text.TIM6_DAC_IRQHandler
                0x08001db0       0x10 build/stm32f4xx_it.o
                0x08001db0                TIM6_DAC_IRQHandler
 .text.DMA2_Stream0_IRQHandler
                0x08001dc0       0x10 build/stm32f4xx_it.o
                0x08001dc0                DMA2_Stream0_IRQHandler
 .text.SystemInit
                0x08001dd0       0x14 build/system_stm32f4xx.o
                0x08001dd0                SystemInit
 .text.MX_TIM2_Init
                0x08001de4       0x70 build/tim.o
                0x08001de4                MX_TIM2_Init
 .text.MX_TIM6_Init
                0x08001e54       0x50 build/tim.o
                0x08001e54                MX_TIM6_Init
 .text.HAL_TIM_Base_MspInit
                0x08001ea4       0x98 build/tim.o
                0x08001ea4                HAL_TIM_Base_MspInit
 .text.HAL_TIM_MspPostInit
                0x08001f3c       0x5c build/tim.o
                0x08001f3c                HAL_TIM_MspPostInit
 .text.MX_TIM12_Init
                0x08001f98       0x94 build/tim.o
                0x08001f98                MX_TIM12_Init
 .text.HAL_TIM_PeriodElapsedCallback
                0x0800202c        0x8 build/tim.o
                0x0800202c                HAL_TIM_PeriodElapsedCallback
 .text.MX_UART5_Init
                0x08002034       0x34 build/usart.o
                0x08002034                MX_UART5_Init
 .text.MX_USART1_UART_Init
                0x08002068       0x34 build/usart.o
                0x08002068                MX_USART1_UART_Init
 .text.HAL_UART_MspInit
                0x0800209c      0x104 build/usart.o
                0x0800209c                HAL_UART_MspInit
 .text.HAL_InitTick
                0x080021a0       0x4c build/stm32f4xx_hal.o
                0x080021a0                HAL_InitTick
 .text.HAL_Init
                0x080021ec       0x34 build/stm32f4xx_hal.o
                0x080021ec                HAL_Init
 .text.HAL_IncTick
                0x08002220       0x18 build/stm32f4xx_hal.o
                0x08002220                HAL_IncTick
 .text.HAL_GetTick
                0x08002238        0xc build/stm32f4xx_hal.o
                0x08002238                HAL_GetTick
 .text.ADC_Init
                0x08002244      0x134 build/stm32f4xx_hal_adc.o
 .text.HAL_ADC_Init
                0x08002378       0x56 build/stm32f4xx_hal_adc.o
                0x08002378                HAL_ADC_Init
 *fill*         0x080023ce        0x2 
 .text.HAL_ADC_Start_DMA
                0x080023d0      0x19c build/stm32f4xx_hal_adc.o
                0x080023d0                HAL_ADC_Start_DMA
 .text.HAL_ADC_ConvHalfCpltCallback
                0x0800256c        0x2 build/stm32f4xx_hal_adc.o
                0x0800256c                HAL_ADC_ConvHalfCpltCallback
 .text.ADC_DMAHalfConvCplt
                0x0800256e        0xa build/stm32f4xx_hal_adc.o
 .text.HAL_ADC_LevelOutOfWindowCallback
                0x08002578        0x2 build/stm32f4xx_hal_adc.o
                0x08002578                HAL_ADC_LevelOutOfWindowCallback
 .text.HAL_ADC_ErrorCallback
                0x0800257a        0x2 build/stm32f4xx_hal_adc.o
                0x0800257a                HAL_ADC_ErrorCallback
 .text.HAL_ADC_IRQHandler
                0x0800257c      0x142 build/stm32f4xx_hal_adc.o
                0x0800257c                HAL_ADC_IRQHandler
 .text.ADC_DMAError
                0x080026be       0x16 build/stm32f4xx_hal_adc.o
 .text.ADC_DMAConvCplt
                0x080026d4       0x72 build/stm32f4xx_hal_adc.o
 *fill*         0x08002746        0x2 
 .text.HAL_ADC_ConfigChannel
                0x08002748      0x1ac build/stm32f4xx_hal_adc.o
                0x08002748                HAL_ADC_ConfigChannel
 .text.HAL_ADCEx_InjectedConvCpltCallback
                0x080028f4        0x2 build/stm32f4xx_hal_adc_ex.o
                0x080028f4                HAL_ADCEx_InjectedConvCpltCallback
 .text.HAL_CAN_Init
                0x080028f6      0x14c build/stm32f4xx_hal_can.o
                0x080028f6                HAL_CAN_Init
 *fill*         0x08002a42        0x2 
 .text.HAL_CAN_ConfigFilter
                0x08002a44      0x138 build/stm32f4xx_hal_can.o
                0x08002a44                HAL_CAN_ConfigFilter
 .text.HAL_CAN_Start
                0x08002b7c       0x5c build/stm32f4xx_hal_can.o
                0x08002b7c                HAL_CAN_Start
 .text.HAL_CAN_AddTxMessage
                0x08002bd8       0xfc build/stm32f4xx_hal_can.o
                0x08002bd8                HAL_CAN_AddTxMessage
 .text.HAL_CAN_GetTxMailboxesFreeLevel
                0x08002cd4       0x32 build/stm32f4xx_hal_can.o
                0x08002cd4                HAL_CAN_GetTxMailboxesFreeLevel
 .text.HAL_CAN_GetRxMessage
                0x08002d06      0x14a build/stm32f4xx_hal_can.o
                0x08002d06                HAL_CAN_GetRxMessage
 .text.HAL_CAN_ActivateNotification
                0x08002e50       0x24 build/stm32f4xx_hal_can.o
                0x08002e50                HAL_CAN_ActivateNotification
 .text.HAL_CAN_TxMailbox0CompleteCallback
                0x08002e74        0x2 build/stm32f4xx_hal_can.o
                0x08002e74                HAL_CAN_TxMailbox0CompleteCallback
 .text.HAL_CAN_TxMailbox1CompleteCallback
                0x08002e76        0x2 build/stm32f4xx_hal_can.o
                0x08002e76                HAL_CAN_TxMailbox1CompleteCallback
 .text.HAL_CAN_TxMailbox2CompleteCallback
                0x08002e78        0x2 build/stm32f4xx_hal_can.o
                0x08002e78                HAL_CAN_TxMailbox2CompleteCallback
 .text.HAL_CAN_TxMailbox0AbortCallback
                0x08002e7a        0x2 build/stm32f4xx_hal_can.o
                0x08002e7a                HAL_CAN_TxMailbox0AbortCallback
 .text.HAL_CAN_TxMailbox1AbortCallback
                0x08002e7c        0x2 build/stm32f4xx_hal_can.o
                0x08002e7c                HAL_CAN_TxMailbox1AbortCallback
 .text.HAL_CAN_TxMailbox2AbortCallback
                0x08002e7e        0x2 build/stm32f4xx_hal_can.o
                0x08002e7e                HAL_CAN_TxMailbox2AbortCallback
 .text.HAL_CAN_RxFifo0FullCallback
                0x08002e80        0x2 build/stm32f4xx_hal_can.o
                0x08002e80                HAL_CAN_RxFifo0FullCallback
 .text.HAL_CAN_RxFifo1MsgPendingCallback
                0x08002e82        0x2 build/stm32f4xx_hal_can.o
                0x08002e82                HAL_CAN_RxFifo1MsgPendingCallback
 .text.HAL_CAN_RxFifo1FullCallback
                0x08002e84        0x2 build/stm32f4xx_hal_can.o
                0x08002e84                HAL_CAN_RxFifo1FullCallback
 .text.HAL_CAN_SleepCallback
                0x08002e86        0x2 build/stm32f4xx_hal_can.o
                0x08002e86                HAL_CAN_SleepCallback
 .text.HAL_CAN_WakeUpFromRxMsgCallback
                0x08002e88        0x2 build/stm32f4xx_hal_can.o
                0x08002e88                HAL_CAN_WakeUpFromRxMsgCallback
 .text.HAL_CAN_IRQHandler
                0x08002e8a      0x250 build/stm32f4xx_hal_can.o
                0x08002e8a                HAL_CAN_IRQHandler
 *fill*         0x080030da        0x2 
 .text.__NVIC_SetPriority
                0x080030dc       0x28 build/stm32f4xx_hal_cortex.o
 .text.NVIC_EncodePriority
                0x08003104       0x3e build/stm32f4xx_hal_cortex.o
 *fill*         0x08003142        0x2 
 .text.HAL_NVIC_SetPriorityGrouping
                0x08003144       0x24 build/stm32f4xx_hal_cortex.o
                0x08003144                HAL_NVIC_SetPriorityGrouping
 .text.HAL_NVIC_SetPriority
                0x08003168       0x20 build/stm32f4xx_hal_cortex.o
                0x08003168                HAL_NVIC_SetPriority
 .text.HAL_NVIC_EnableIRQ
                0x08003188       0x1c build/stm32f4xx_hal_cortex.o
                0x08003188                HAL_NVIC_EnableIRQ
 .text.HAL_SYSTICK_Config
                0x080031a4       0x28 build/stm32f4xx_hal_cortex.o
                0x080031a4                HAL_SYSTICK_Config
 .text.DMA_SetConfig
                0x080031cc       0x2c build/stm32f4xx_hal_dma.o
 .text.DMA_CalcBaseAndBitshift
                0x080031f8       0x3c build/stm32f4xx_hal_dma.o
 .text.DMA_CheckFifoParam
                0x08003234       0x8e build/stm32f4xx_hal_dma.o
 *fill*         0x080032c2        0x2 
 .text.HAL_DMA_Init
                0x080032c4       0xcc build/stm32f4xx_hal_dma.o
                0x080032c4                HAL_DMA_Init
 .text.HAL_DMA_Start_IT
                0x08003390       0x6a build/stm32f4xx_hal_dma.o
                0x08003390                HAL_DMA_Start_IT
 .text.HAL_DMA_Abort
                0x080033fa       0x94 build/stm32f4xx_hal_dma.o
                0x080033fa                HAL_DMA_Abort
 .text.HAL_DMA_Abort_IT
                0x0800348e       0x26 build/stm32f4xx_hal_dma.o
                0x0800348e                HAL_DMA_Abort_IT
 .text.HAL_DMA_IRQHandler
                0x080034b4      0x1dc build/stm32f4xx_hal_dma.o
                0x080034b4                HAL_DMA_IRQHandler
 .text.HAL_GPIO_Init
                0x08003690      0x1e0 build/stm32f4xx_hal_gpio.o
                0x08003690                HAL_GPIO_Init
 .text.HAL_GPIO_ReadPin
                0x08003870        0xe build/stm32f4xx_hal_gpio.o
                0x08003870                HAL_GPIO_ReadPin
 .text.HAL_GPIO_WritePin
                0x0800387e        0xc build/stm32f4xx_hal_gpio.o
                0x0800387e                HAL_GPIO_WritePin
 *fill*         0x0800388a        0x2 
 .text.HAL_PWREx_EnableOverDrive
                0x0800388c       0x7c build/stm32f4xx_hal_pwr_ex.o
                0x0800388c                HAL_PWREx_EnableOverDrive
 .text.HAL_RCC_ClockConfig
                0x08003908      0x160 build/stm32f4xx_hal_rcc.o
                0x08003908                HAL_RCC_ClockConfig
 .text.HAL_RCC_GetHCLKFreq
                0x08003a68        0xc build/stm32f4xx_hal_rcc.o
                0x08003a68                HAL_RCC_GetHCLKFreq
 .text.HAL_RCC_GetPCLK1Freq
                0x08003a74       0x20 build/stm32f4xx_hal_rcc.o
                0x08003a74                HAL_RCC_GetPCLK1Freq
 .text.HAL_RCC_GetPCLK2Freq
                0x08003a94       0x20 build/stm32f4xx_hal_rcc.o
                0x08003a94                HAL_RCC_GetPCLK2Freq
 .text.HAL_RCC_GetClockConfig
                0x08003ab4       0x3c build/stm32f4xx_hal_rcc.o
                0x08003ab4                HAL_RCC_GetClockConfig
 .text.HAL_RCC_GetSysClockFreq
                0x08003af0      0x190 build/stm32f4xx_hal_rcc_ex.o
                0x08003af0                HAL_RCC_GetSysClockFreq
 .text.HAL_RCC_OscConfig
                0x08003c80      0x444 build/stm32f4xx_hal_rcc_ex.o
                0x08003c80                HAL_RCC_OscConfig
 .text.HAL_SPI_Init
                0x080040c4       0xbe build/stm32f4xx_hal_spi.o
                0x080040c4                HAL_SPI_Init
 *fill*         0x08004182        0x2 
 .text.TIM_OC1_SetConfig
                0x08004184       0x70 build/stm32f4xx_hal_tim.o
 .text.TIM_OC3_SetConfig
                0x080041f4       0x70 build/stm32f4xx_hal_tim.o
 .text.TIM_OC4_SetConfig
                0x08004264       0x50 build/stm32f4xx_hal_tim.o
 .text.TIM_TI1_ConfigInputStage
                0x080042b4       0x26 build/stm32f4xx_hal_tim.o
 .text.TIM_TI2_ConfigInputStage
                0x080042da       0x28 build/stm32f4xx_hal_tim.o
 .text.TIM_ITRx_SetConfig
                0x08004302       0x10 build/stm32f4xx_hal_tim.o
 *fill*         0x08004312        0x2 
 .text.HAL_TIM_Base_Start
                0x08004314       0x7c build/stm32f4xx_hal_tim.o
                0x08004314                HAL_TIM_Base_Start
 .text.HAL_TIM_Base_Start_IT
                0x08004390       0x88 build/stm32f4xx_hal_tim.o
                0x08004390                HAL_TIM_Base_Start_IT
 .text.HAL_TIM_PWM_MspInit
                0x08004418        0x2 build/stm32f4xx_hal_tim.o
                0x08004418                HAL_TIM_PWM_MspInit
 .text.HAL_TIM_OC_DelayElapsedCallback
                0x0800441a        0x2 build/stm32f4xx_hal_tim.o
                0x0800441a                HAL_TIM_OC_DelayElapsedCallback
 .text.HAL_TIM_IC_CaptureCallback
                0x0800441c        0x2 build/stm32f4xx_hal_tim.o
                0x0800441c                HAL_TIM_IC_CaptureCallback
 .text.HAL_TIM_PWM_PulseFinishedCallback
                0x0800441e        0x2 build/stm32f4xx_hal_tim.o
                0x0800441e                HAL_TIM_PWM_PulseFinishedCallback
 .text.HAL_TIM_TriggerCallback
                0x08004420        0x2 build/stm32f4xx_hal_tim.o
                0x08004420                HAL_TIM_TriggerCallback
 .text.HAL_TIM_IRQHandler
                0x08004422      0x17a build/stm32f4xx_hal_tim.o
                0x08004422                HAL_TIM_IRQHandler
 .text.TIM_Base_SetConfig
                0x0800459c       0xc8 build/stm32f4xx_hal_tim.o
                0x0800459c                TIM_Base_SetConfig
 .text.HAL_TIM_Base_Init
                0x08004664       0x58 build/stm32f4xx_hal_tim.o
                0x08004664                HAL_TIM_Base_Init
 .text.HAL_TIM_PWM_Init
                0x080046bc       0x58 build/stm32f4xx_hal_tim.o
                0x080046bc                HAL_TIM_PWM_Init
 .text.TIM_OC2_SetConfig
                0x08004714       0x70 build/stm32f4xx_hal_tim.o
                0x08004714                TIM_OC2_SetConfig
 .text.HAL_TIM_PWM_ConfigChannel
                0x08004784       0xdc build/stm32f4xx_hal_tim.o
                0x08004784                HAL_TIM_PWM_ConfigChannel
 .text.TIM_ETR_SetConfig
                0x08004860       0x1a build/stm32f4xx_hal_tim.o
                0x08004860                TIM_ETR_SetConfig
 .text.HAL_TIM_ConfigClockSource
                0x0800487a       0xfe build/stm32f4xx_hal_tim.o
                0x0800487a                HAL_TIM_ConfigClockSource
 .text.TIM_SlaveTimer_SetConfig
                0x08004978       0xb8 build/stm32f4xx_hal_tim.o
 .text.HAL_TIM_SlaveConfigSynchro
                0x08004a30       0x52 build/stm32f4xx_hal_tim.o
                0x08004a30                HAL_TIM_SlaveConfigSynchro
 *fill*         0x08004a82        0x2 
 .text.HAL_TIMEx_MasterConfigSynchronization
                0x08004a84       0x8c build/stm32f4xx_hal_tim_ex.o
                0x08004a84                HAL_TIMEx_MasterConfigSynchronization
 .text.HAL_TIMEx_CommutCallback
                0x08004b10        0x2 build/stm32f4xx_hal_tim_ex.o
                0x08004b10                HAL_TIMEx_CommutCallback
 .text.HAL_TIMEx_BreakCallback
                0x08004b12        0x2 build/stm32f4xx_hal_tim_ex.o
                0x08004b12                HAL_TIMEx_BreakCallback
 .text.UART_EndRxTransfer
                0x08004b14       0x5c build/stm32f4xx_hal_uart.o
 .text.UART_Transmit_IT
                0x08004b70       0x60 build/stm32f4xx_hal_uart.o
 .text.UART_SetConfig
                0x08004bd0      0x110 build/stm32f4xx_hal_uart.o
 .text.HAL_UART_Init
                0x08004ce0       0x5e build/stm32f4xx_hal_uart.o
                0x08004ce0                HAL_UART_Init
 .text.HAL_UART_Transmit_IT
                0x08004d3e       0x4e build/stm32f4xx_hal_uart.o
                0x08004d3e                HAL_UART_Transmit_IT
 .text.HAL_UART_TxCpltCallback
                0x08004d8c        0x2 build/stm32f4xx_hal_uart.o
                0x08004d8c                HAL_UART_TxCpltCallback
 .text.UART_EndTransmit_IT
                0x08004d8e       0x1a build/stm32f4xx_hal_uart.o
 .text.HAL_UART_RxCpltCallback
                0x08004da8        0x2 build/stm32f4xx_hal_uart.o
                0x08004da8                HAL_UART_RxCpltCallback
 .text.HAL_UART_ErrorCallback
                0x08004daa        0x2 build/stm32f4xx_hal_uart.o
                0x08004daa                HAL_UART_ErrorCallback
 .text.UART_DMAAbortOnError
                0x08004dac       0x10 build/stm32f4xx_hal_uart.o
 .text.HAL_UARTEx_RxEventCallback
                0x08004dbc        0x2 build/stm32f4xx_hal_uart.o
                0x08004dbc                HAL_UARTEx_RxEventCallback
 .text.UART_Receive_IT
                0x08004dbe       0xe2 build/stm32f4xx_hal_uart.o
 .text.HAL_UART_IRQHandler
                0x08004ea0      0x27c build/stm32f4xx_hal_uart.o
                0x08004ea0                HAL_UART_IRQHandler
 .text.LOGGER_init
                0x0800511c       0x24 build/logger.o
                0x0800511c                LOGGER_init
 .text.LOGGER_log
                0x08005140       0xe4 build/logger.o
                0x08005140                LOGGER_log
 .text.LOGGER_flush
                0x08005224       0x2c build/logger.o
                0x08005224                LOGGER_flush
 .text.TIMEBASE_init
                0x08005250       0xa8 build/timebase.o
                0x08005250                TIMEBASE_init
 .text.TIMEBASE_add_interval
                0x080052f8       0x6c build/timebase.o
                0x080052f8                TIMEBASE_add_interval
 .text.TIMEBASE_register_callback
                0x08005364       0x46 build/timebase.o
                0x08005364                TIMEBASE_register_callback
 .text.TIMEBASE_routine
                0x080053aa       0x6c build/timebase.o
                0x080053aa                TIMEBASE_routine
 .text.TIMEBASE_TimerElapsedCallback
                0x08005416       0x50 build/timebase.o
                0x08005416                TIMEBASE_TimerElapsedCallback
 *fill*         0x08005466        0x2 
 .text.TIM_GetInternalClkFreq
                0x08005468       0x30 build/timer_utils.o
                0x08005468                TIM_GetInternalClkFreq
 .text.Reset_Handler
                0x08005498       0x50 build/startup_stm32f446xx.o
                0x08005498                Reset_Handler
 .text.Default_Handler
                0x080054e8        0x2 build/startup_stm32f446xx.o
                0x080054e8                RTC_Alarm_IRQHandler
                0x080054e8                EXTI2_IRQHandler
                0x080054e8                TIM8_CC_IRQHandler
                0x080054e8                FMPI2C1_EV_IRQHandler
                0x080054e8                SPI4_IRQHandler
                0x080054e8                TIM1_CC_IRQHandler
                0x080054e8                DMA2_Stream5_IRQHandler
                0x080054e8                DMA1_Stream5_IRQHandler
                0x080054e8                PVD_IRQHandler
                0x080054e8                SDIO_IRQHandler
                0x080054e8                TAMP_STAMP_IRQHandler
                0x080054e8                CAN2_RX1_IRQHandler
                0x080054e8                EXTI3_IRQHandler
                0x080054e8                TIM8_TRG_COM_TIM14_IRQHandler
                0x080054e8                TIM1_UP_TIM10_IRQHandler
                0x080054e8                TIM8_UP_TIM13_IRQHandler
                0x080054e8                I2C3_ER_IRQHandler
                0x080054e8                EXTI0_IRQHandler
                0x080054e8                I2C2_EV_IRQHandler
                0x080054e8                DMA1_Stream2_IRQHandler
                0x080054e8                FPU_IRQHandler
                0x080054e8                OTG_HS_WKUP_IRQHandler
                0x080054e8                CAN2_SCE_IRQHandler
                0x080054e8                DMA2_Stream2_IRQHandler
                0x080054e8                SPI1_IRQHandler
                0x080054e8                TIM1_BRK_TIM9_IRQHandler
                0x080054e8                DCMI_IRQHandler
                0x080054e8                CAN2_RX0_IRQHandler
                0x080054e8                DMA2_Stream3_IRQHandler
                0x080054e8                SAI2_IRQHandler
                0x080054e8                USART6_IRQHandler
                0x080054e8                USART3_IRQHandler
                0x080054e8                UART5_IRQHandler
                0x080054e8                TIM4_IRQHandler
                0x080054e8                QUADSPI_IRQHandler
                0x080054e8                I2C1_EV_IRQHandler
                0x080054e8                DMA1_Stream6_IRQHandler
                0x080054e8                DMA1_Stream1_IRQHandler
                0x080054e8                UART4_IRQHandler
                0x080054e8                TIM3_IRQHandler
                0x080054e8                RCC_IRQHandler
                0x080054e8                TIM8_BRK_TIM12_IRQHandler
                0x080054e8                Default_Handler
                0x080054e8                CEC_IRQHandler
                0x080054e8                EXTI15_10_IRQHandler
                0x080054e8                DMA1_Stream7_IRQHandler
                0x080054e8                TIM7_IRQHandler
                0x080054e8                CAN2_TX_IRQHandler
                0x080054e8                TIM5_IRQHandler
                0x080054e8                DMA2_Stream7_IRQHandler
                0x080054e8                I2C3_EV_IRQHandler
                0x080054e8                EXTI9_5_IRQHandler
                0x080054e8                RTC_WKUP_IRQHandler
                0x080054e8                SPDIF_RX_IRQHandler
                0x080054e8                SPI2_IRQHandler
                0x080054e8                OTG_HS_EP1_IN_IRQHandler
                0x080054e8                DMA1_Stream0_IRQHandler
                0x080054e8                FMPI2C1_ER_IRQHandler
                0x080054e8                EXTI4_IRQHandler
                0x080054e8                OTG_HS_EP1_OUT_IRQHandler
                0x080054e8                WWDG_IRQHandler
                0x080054e8                OTG_FS_WKUP_IRQHandler
                0x080054e8                TIM1_TRG_COM_TIM11_IRQHandler
                0x080054e8                OTG_HS_IRQHandler
                0x080054e8                EXTI1_IRQHandler
                0x080054e8                USART2_IRQHandler
                0x080054e8                I2C2_ER_IRQHandler
                0x080054e8                DMA2_Stream1_IRQHandler
                0x080054e8                FLASH_IRQHandler
                0x080054e8                DMA2_Stream4_IRQHandler
                0x080054e8                OTG_FS_IRQHandler
                0x080054e8                SPI3_IRQHandler
                0x080054e8                DMA1_Stream4_IRQHandler
                0x080054e8                I2C1_ER_IRQHandler
                0x080054e8                FMC_IRQHandler
                0x080054e8                DMA2_Stream6_IRQHandler
                0x080054e8                SAI1_IRQHandler
                0x080054e8                DMA1_Stream3_IRQHandler
 .text.__cvt    0x080054ea       0xd2 /usr/lib/gcc/arm-none-eabi/13.1.0/../../../../arm-none-eabi/lib/thumb/v7e-m+fp/hard/libc_nano.a(libc_a-nano-vfprintf_float.o)
                0x080054ea                __cvt
 .text.__exponent
                0x080055bc       0x74 /usr/lib/gcc/arm-none-eabi/13.1.0/../../../../arm-none-eabi/lib/thumb/v7e-m+fp/hard/libc_nano.a(libc_a-nano-vfprintf_float.o)
                0x080055bc                __exponent
 .text._printf_float
                0x08005630      0x464 /usr/lib/gcc/arm-none-eabi/13.1.0/../../../../arm-none-eabi/lib/thumb/v7e-m+fp/hard/libc_nano.a(libc_a-nano-vfprintf_float.o)
                0x08005630                _printf_float
 .text._printf_common
                0x08005a94       0xda /usr/lib/gcc/arm-none-eabi/13.1.0/../../../../arm-none-eabi/lib/thumb/v7e-m+fp/hard/libc_nano.a(libc_a-nano-vfprintf_i.o)
                0x08005a94                _printf_common
 *fill*         0x08005b6e        0x2 
 .text._printf_i
                0x08005b70      0x25c /usr/lib/gcc/arm-none-eabi/13.1.0/../../../../arm-none-eabi/lib/thumb/v7e-m+fp/hard/libc_nano.a(libc_a-nano-vfprintf_i.o)
                0x08005b70                _printf_i
 .text.std      0x08005dcc       0x6c /usr/lib/gcc/arm-none-eabi/13.1.0/../../../../arm-none-eabi/lib/thumb/v7e-m+fp/hard/libc_nano.a(libc_a-findfp.o)
 .text.stdio_exit_handler
                0x08005e38       0x18 /usr/lib/gcc/arm-none-eabi/13.1.0/../../../../arm-none-eabi/lib/thumb/v7e-m+fp/hard/libc_nano.a(libc_a-findfp.o)
 .text.cleanup_stdio
                0x08005e50       0x40 /usr/lib/gcc/arm-none-eabi/13.1.0/../../../../arm-none-eabi/lib/thumb/v7e-m+fp/hard/libc_nano.a(libc_a-findfp.o)
 .text.global_stdio_init.part.0
                0x08005e90       0x3c /usr/lib/gcc/arm-none-eabi/13.1.0/../../../../arm-none-eabi/lib/thumb/v7e-m+fp/hard/libc_nano.a(libc_a-findfp.o)
 .text.__sfp_lock_acquire
                0x08005ecc        0xc /usr/lib/gcc/arm-none-eabi/13.1.0/../../../../arm-none-eabi/lib/thumb/v7e-m+fp/hard/libc_nano.a(libc_a-findfp.o)
                0x08005ecc                __sfp_lock_acquire
 .text.__sfp_lock_release
                0x08005ed8        0xc /usr/lib/gcc/arm-none-eabi/13.1.0/../../../../arm-none-eabi/lib/thumb/v7e-m+fp/hard/libc_nano.a(libc_a-findfp.o)
                0x08005ed8                __sfp_lock_release
 .text.__sinit  0x08005ee4       0x30 /usr/lib/gcc/arm-none-eabi/13.1.0/../../../../arm-none-eabi/lib/thumb/v7e-m+fp/hard/libc_nano.a(libc_a-findfp.o)
                0x08005ee4                __sinit
 .text._fwalk_sglue
                0x08005f14       0x3c /usr/lib/gcc/arm-none-eabi/13.1.0/../../../../arm-none-eabi/lib/thumb/v7e-m+fp/hard/libc_nano.a(libc_a-fwalk.o)
                0x08005f14                _fwalk_sglue
 .text.snprintf
                0x08005f50       0x68 /usr/lib/gcc/arm-none-eabi/13.1.0/../../../../arm-none-eabi/lib/thumb/v7e-m+fp/hard/libc_nano.a(libc_a-snprintf.o)
                0x08005f50                snprintf
                0x08005f50                sniprintf
 .text.__sread  0x08005fb8       0x22 /usr/lib/gcc/arm-none-eabi/13.1.0/../../../../arm-none-eabi/lib/thumb/v7e-m+fp/hard/libc_nano.a(libc_a-stdio.o)
                0x08005fb8                __sread
 .text.__swrite
                0x08005fda       0x38 /usr/lib/gcc/arm-none-eabi/13.1.0/../../../../arm-none-eabi/lib/thumb/v7e-m+fp/hard/libc_nano.a(libc_a-stdio.o)
                0x08005fda                __swrite
 .text.__sseek  0x08006012       0x24 /usr/lib/gcc/arm-none-eabi/13.1.0/../../../../arm-none-eabi/lib/thumb/v7e-m+fp/hard/libc_nano.a(libc_a-stdio.o)
                0x08006012                __sseek
 .text.__sclose
                0x08006036        0x8 /usr/lib/gcc/arm-none-eabi/13.1.0/../../../../arm-none-eabi/lib/thumb/v7e-m+fp/hard/libc_nano.a(libc_a-stdio.o)
                0x08006036                __sclose
 .text._vsnprintf_r
                0x0800603e       0x56 /usr/lib/gcc/arm-none-eabi/13.1.0/../../../../arm-none-eabi/lib/thumb/v7e-m+fp/hard/libc_nano.a(libc_a-vsnprintf.o)
                0x0800603e                _vsnprintf_r
                0x0800603e                _vsniprintf_r
 .text.vsnprintf
                0x08006094       0x1c /usr/lib/gcc/arm-none-eabi/13.1.0/../../../../arm-none-eabi/lib/thumb/v7e-m+fp/hard/libc_nano.a(libc_a-vsnprintf.o)
                0x08006094                vsnprintf
                0x08006094                vsniprintf
 .text.memset   0x080060b0       0x10 /usr/lib/gcc/arm-none-eabi/13.1.0/../../../../arm-none-eabi/lib/thumb/v7e-m+fp/hard/libc_nano.a(libc_a-memset.o)
                0x080060b0                memset
 .text._localeconv_r
                0x080060c0        0x8 /usr/lib/gcc/arm-none-eabi/13.1.0/../../../../arm-none-eabi/lib/thumb/v7e-m+fp/hard/libc_nano.a(libc_a-localeconv.o)
                0x080060c0                _localeconv_r
 .text._close_r
                0x080060c8       0x20 /usr/lib/gcc/arm-none-eabi/13.1.0/../../../../arm-none-eabi/lib/thumb/v7e-m+fp/hard/libc_nano.a(libc_a-closer.o)
                0x080060c8                _close_r
 .text._lseek_r
                0x080060e8       0x24 /usr/lib/gcc/arm-none-eabi/13.1.0/../../../../arm-none-eabi/lib/thumb/v7e-m+fp/hard/libc_nano.a(libc_a-lseekr.o)
                0x080060e8                _lseek_r
 .text._read_r  0x0800610c       0x24 /usr/lib/gcc/arm-none-eabi/13.1.0/../../../../arm-none-eabi/lib/thumb/v7e-m+fp/hard/libc_nano.a(libc_a-readr.o)
                0x0800610c                _read_r
 .text._write_r
                0x08006130       0x24 /usr/lib/gcc/arm-none-eabi/13.1.0/../../../../arm-none-eabi/lib/thumb/v7e-m+fp/hard/libc_nano.a(libc_a-writer.o)
                0x08006130                _write_r
 .text.__libc_init_array
                0x08006154       0x48 /usr/lib/gcc/arm-none-eabi/13.1.0/../../../../arm-none-eabi/lib/thumb/v7e-m+fp/hard/libc_nano.a(libc_a-init.o)
                0x08006154                __libc_init_array
 .text.__retarget_lock_init_recursive
                0x0800619c        0x2 /usr/lib/gcc/arm-none-eabi/13.1.0/../../../../arm-none-eabi/lib/thumb/v7e-m+fp/hard/libc_nano.a(libc_a-lock.o)
                0x0800619c                __retarget_lock_init_recursive
 .text.__retarget_lock_acquire_recursive
                0x0800619e        0x2 /usr/lib/gcc/arm-none-eabi/13.1.0/../../../../arm-none-eabi/lib/thumb/v7e-m+fp/hard/libc_nano.a(libc_a-lock.o)
                0x0800619e                __retarget_lock_acquire_recursive
 .text.__retarget_lock_release_recursive
                0x080061a0        0x2 /usr/lib/gcc/arm-none-eabi/13.1.0/../../../../arm-none-eabi/lib/thumb/v7e-m+fp/hard/libc_nano.a(libc_a-lock.o)
                0x080061a0                __retarget_lock_release_recursive
 .text.memcpy   0x080061a2       0x1c /usr/lib/gcc/arm-none-eabi/13.1.0/../../../../arm-none-eabi/lib/thumb/v7e-m+fp/hard/libc_nano.a(libc_a-memcpy-stub.o)
                0x080061a2                memcpy
 .text.quorem   0x080061be      0x110 /usr/lib/gcc/arm-none-eabi/13.1.0/../../../../arm-none-eabi/lib/thumb/v7e-m+fp/hard/libc_nano.a(libc_a-dtoa.o)
 *fill*         0x080062ce        0x2 
 .text._dtoa_r  0x080062d0      0xc58 /usr/lib/gcc/arm-none-eabi/13.1.0/../../../../arm-none-eabi/lib/thumb/v7e-m+fp/hard/libc_nano.a(libc_a-dtoa.o)
                0x080062d0                _dtoa_r
 .text._free_r  0x08006f28       0x94 /usr/lib/gcc/arm-none-eabi/13.1.0/../../../../arm-none-eabi/lib/thumb/v7e-m+fp/hard/libc_nano.a(libc_a-freer.o)
                0x08006f28                _free_r
 .text.malloc   0x08006fbc       0x10 /usr/lib/gcc/arm-none-eabi/13.1.0/../../../../arm-none-eabi/lib/thumb/v7e-m+fp/hard/libc_nano.a(libc_a-malloc.o)
                0x08006fbc                malloc
 .text.sbrk_aligned
                0x08006fcc       0x44 /usr/lib/gcc/arm-none-eabi/13.1.0/../../../../arm-none-eabi/lib/thumb/v7e-m+fp/hard/libc_nano.a(libc_a-mallocr.o)
 .text._malloc_r
                0x08007010       0xf0 /usr/lib/gcc/arm-none-eabi/13.1.0/../../../../arm-none-eabi/lib/thumb/v7e-m+fp/hard/libc_nano.a(libc_a-mallocr.o)
                0x08007010                _malloc_r
 .text.__malloc_lock
                0x08007100        0xc /usr/lib/gcc/arm-none-eabi/13.1.0/../../../../arm-none-eabi/lib/thumb/v7e-m+fp/hard/libc_nano.a(libc_a-mlock.o)
                0x08007100                __malloc_lock
 .text.__malloc_unlock
                0x0800710c        0xc /usr/lib/gcc/arm-none-eabi/13.1.0/../../../../arm-none-eabi/lib/thumb/v7e-m+fp/hard/libc_nano.a(libc_a-mlock.o)
                0x0800710c                __malloc_unlock
 .text._Balloc  0x08007118       0x80 /usr/lib/gcc/arm-none-eabi/13.1.0/../../../../arm-none-eabi/lib/thumb/v7e-m+fp/hard/libc_nano.a(libc_a-mprec.o)
                0x08007118                _Balloc
 .text._Bfree   0x08007198       0x44 /usr/lib/gcc/arm-none-eabi/13.1.0/../../../../arm-none-eabi/lib/thumb/v7e-m+fp/hard/libc_nano.a(libc_a-mprec.o)
                0x08007198                _Bfree
 .text.__multadd
                0x080071dc       0x8c /usr/lib/gcc/arm-none-eabi/13.1.0/../../../../arm-none-eabi/lib/thumb/v7e-m+fp/hard/libc_nano.a(libc_a-mprec.o)
                0x080071dc                __multadd
 .text.__hi0bits
                0x08007268       0x44 /usr/lib/gcc/arm-none-eabi/13.1.0/../../../../arm-none-eabi/lib/thumb/v7e-m+fp/hard/libc_nano.a(libc_a-mprec.o)
                0x08007268                __hi0bits
 .text.__lo0bits
                0x080072ac       0x5a /usr/lib/gcc/arm-none-eabi/13.1.0/../../../../arm-none-eabi/lib/thumb/v7e-m+fp/hard/libc_nano.a(libc_a-mprec.o)
                0x080072ac                __lo0bits
 *fill*         0x08007306        0x2 
 .text.__i2b    0x08007308       0x2c /usr/lib/gcc/arm-none-eabi/13.1.0/../../../../arm-none-eabi/lib/thumb/v7e-m+fp/hard/libc_nano.a(libc_a-mprec.o)
                0x08007308                __i2b
 .text.__multiply
                0x08007334      0x154 /usr/lib/gcc/arm-none-eabi/13.1.0/../../../../arm-none-eabi/lib/thumb/v7e-m+fp/hard/libc_nano.a(libc_a-mprec.o)
                0x08007334                __multiply
 .text.__pow5mult
                0x08007488       0xb4 /usr/lib/gcc/arm-none-eabi/13.1.0/../../../../arm-none-eabi/lib/thumb/v7e-m+fp/hard/libc_nano.a(libc_a-mprec.o)
                0x08007488                __pow5mult
 .text.__lshift
                0x0800753c       0xd8 /usr/lib/gcc/arm-none-eabi/13.1.0/../../../../arm-none-eabi/lib/thumb/v7e-m+fp/hard/libc_nano.a(libc_a-mprec.o)
                0x0800753c                __lshift
 .text.__mcmp   0x08007614       0x36 /usr/lib/gcc/arm-none-eabi/13.1.0/../../../../arm-none-eabi/lib/thumb/v7e-m+fp/hard/libc_nano.a(libc_a-mprec.o)
                0x08007614                __mcmp
 *fill*         0x0800764a        0x2 
 .text.__mdiff  0x0800764c      0x128 /usr/lib/gcc/arm-none-eabi/13.1.0/../../../../arm-none-eabi/lib/thumb/v7e-m+fp/hard/libc_nano.a(libc_a-mprec.o)
                0x0800764c                __mdiff
 .text.__d2b    0x08007774       0xb0 /usr/lib/gcc/arm-none-eabi/13.1.0/../../../../arm-none-eabi/lib/thumb/v7e-m+fp/hard/libc_nano.a(libc_a-mprec.o)
                0x08007774                __d2b
 .text.__ssputs_r
                0x08007824       0xb6 /usr/lib/gcc/arm-none-eabi/13.1.0/../../../../arm-none-eabi/lib/thumb/v7e-m+fp/hard/libc_nano.a(libc_a-nano-svfprintf.o)
                0x08007824                __ssputs_r
 *fill*         0x080078da        0x2 
 .text._svfprintf_r
                0x080078dc      0x1f8 /usr/lib/gcc/arm-none-eabi/13.1.0/../../../../arm-none-eabi/lib/thumb/v7e-m+fp/hard/libc_nano.a(libc_a-nano-svfprintf.o)
                0x080078dc                _svfprintf_r
                0x080078dc                _svfiprintf_r
 .text.__sflush_r
                0x08007ad4      0x108 /usr/lib/gcc/arm-none-eabi/13.1.0/../../../../arm-none-eabi/lib/thumb/v7e-m+fp/hard/libc_nano.a(libc_a-fflush.o)
                0x08007ad4                __sflush_r
 .text._fflush_r
                0x08007bdc       0x50 /usr/lib/gcc/arm-none-eabi/13.1.0/../../../../arm-none-eabi/lib/thumb/v7e-m+fp/hard/libc_nano.a(libc_a-fflush.o)
                0x08007bdc                _fflush_r
 .text.memmove  0x08007c2c       0x34 /usr/lib/gcc/arm-none-eabi/13.1.0/../../../../arm-none-eabi/lib/thumb/v7e-m+fp/hard/libc_nano.a(libc_a-memmove.o)
                0x08007c2c                memmove
 .text._sbrk_r  0x08007c60       0x20 /usr/lib/gcc/arm-none-eabi/13.1.0/../../../../arm-none-eabi/lib/thumb/v7e-m+fp/hard/libc_nano.a(libc_a-sbrkr.o)
                0x08007c60                _sbrk_r
 .text.__assert_func
                0x08007c80       0x3c /usr/lib/gcc/arm-none-eabi/13.1.0/../../../../arm-none-eabi/lib/thumb/v7e-m+fp/hard/libc_nano.a(libc_a-assert.o)
                0x08007c80                __assert_func
 .text._calloc_r
                0x08007cbc       0x28 /usr/lib/gcc/arm-none-eabi/13.1.0/../../../../arm-none-eabi/lib/thumb/v7e-m+fp/hard/libc_nano.a(libc_a-callocr.o)
                0x08007cbc                _calloc_r
 .text.__ascii_mbtowc
                0x08007ce4       0x24 /usr/lib/gcc/arm-none-eabi/13.1.0/../../../../arm-none-eabi/lib/thumb/v7e-m+fp/hard/libc_nano.a(libc_a-mbtowc_r.o)
                0x08007ce4                __ascii_mbtowc
 .text._realloc_r
                0x08007d08       0x5c /usr/lib/gcc/arm-none-eabi/13.1.0/../../../../arm-none-eabi/lib/thumb/v7e-m+fp/hard/libc_nano.a(libc_a-reallocr.o)
                0x08007d08                _realloc_r
 .text.__ascii_wctomb
                0x08007d64       0x1a /usr/lib/gcc/arm-none-eabi/13.1.0/../../../../arm-none-eabi/lib/thumb/v7e-m+fp/hard/libc_nano.a(libc_a-wctomb_r.o)
                0x08007d64                __ascii_wctomb
 *fill*         0x08007d7e        0x2 
 .text.fprintf  0x08007d80       0x24 /usr/lib/gcc/arm-none-eabi/13.1.0/../../../../arm-none-eabi/lib/thumb/v7e-m+fp/hard/libc_nano.a(libc_a-fprintf.o)
                0x08007d80                fprintf
                0x08007d80                fiprintf
 .text.abort    0x08007da4        0xe /usr/lib/gcc/arm-none-eabi/13.1.0/../../../../arm-none-eabi/lib/thumb/v7e-m+fp/hard/libc_nano.a(libc_a-abort.o)
                0x08007da4                abort
 .text._malloc_usable_size_r
                0x08007db2       0x10 /usr/lib/gcc/arm-none-eabi/13.1.0/../../../../arm-none-eabi/lib/thumb/v7e-m+fp/hard/libc_nano.a(libc_a-msizer.o)
                0x08007db2                _malloc_usable_size_r
 .text.__sfputc_r
                0x08007dc2       0x2e /usr/lib/gcc/arm-none-eabi/13.1.0/../../../../arm-none-eabi/lib/thumb/v7e-m+fp/hard/libc_nano.a(libc_a-nano-vfprintf.o)
 .text.__sfputs_r
                0x08007df0       0x24 /usr/lib/gcc/arm-none-eabi/13.1.0/../../../../arm-none-eabi/lib/thumb/v7e-m+fp/hard/libc_nano.a(libc_a-nano-vfprintf.o)
                0x08007df0                __sfputs_r
 .text._vfprintf_r
                0x08007e14      0x230 /usr/lib/gcc/arm-none-eabi/13.1.0/../../../../arm-none-eabi/lib/thumb/v7e-m+fp/hard/libc_nano.a(libc_a-nano-vfprintf.o)
                0x08007e14                _vfiprintf_r
                0x08007e14                _vfprintf_r
 .text.__swbuf_r
                0x08008044       0x7c /usr/lib/gcc/arm-none-eabi/13.1.0/../../../../arm-none-eabi/lib/thumb/v7e-m+fp/hard/libc_nano.a(libc_a-wbuf.o)
                0x08008044                __swbuf_r
 .text.__swsetup_r
                0x080080c0       0xac /usr/lib/gcc/arm-none-eabi/13.1.0/../../../../arm-none-eabi/lib/thumb/v7e-m+fp/hard/libc_nano.a(libc_a-wsetup.o)
                0x080080c0                __swsetup_r
 .text._raise_r
                0x0800816c       0x50 /usr/lib/gcc/arm-none-eabi/13.1.0/../../../../arm-none-eabi/lib/thumb/v7e-m+fp/hard/libc_nano.a(libc_a-signal.o)
                0x0800816c                _raise_r
 .text.raise    0x080081bc       0x10 /usr/lib/gcc/arm-none-eabi/13.1.0/../../../../arm-none-eabi/lib/thumb/v7e-m+fp/hard/libc_nano.a(libc_a-signal.o)
                0x080081bc                raise
 .text._kill_r  0x080081cc       0x24 /usr/lib/gcc/arm-none-eabi/13.1.0/../../../../arm-none-eabi/lib/thumb/v7e-m+fp/hard/libc_nano.a(libc_a-signalr.o)
                0x080081cc                _kill_r
 .text._getpid_r
                0x080081f0        0x4 /usr/lib/gcc/arm-none-eabi/13.1.0/../../../../arm-none-eabi/lib/thumb/v7e-m+fp/hard/libc_nano.a(libc_a-signalr.o)
                0x080081f0                _getpid_r
 .text.__swhatbuf_r
                0x080081f4       0x4c /usr/lib/gcc/arm-none-eabi/13.1.0/../../../../arm-none-eabi/lib/thumb/v7e-m+fp/hard/libc_nano.a(libc_a-makebuf.o)
                0x080081f4                __swhatbuf_r
 .text.__smakebuf_r
                0x08008240       0x78 /usr/lib/gcc/arm-none-eabi/13.1.0/../../../../arm-none-eabi/lib/thumb/v7e-m+fp/hard/libc_nano.a(libc_a-makebuf.o)
                0x08008240                __smakebuf_r
 .text._fstat_r
                0x080082b8       0x24 /usr/lib/gcc/arm-none-eabi/13.1.0/../../../../arm-none-eabi/lib/thumb/v7e-m+fp/hard/libc_nano.a(libc_a-fstatr.o)
                0x080082b8                _fstat_r
 .text._isatty_r
                0x080082dc       0x20 /usr/lib/gcc/arm-none-eabi/13.1.0/../../../../arm-none-eabi/lib/thumb/v7e-m+fp/hard/libc_nano.a(libc_a-isattyr.o)
                0x080082dc                _isatty_r
 .text._close   0x080082fc       0x10 /usr/lib/gcc/arm-none-eabi/13.1.0/../../../../arm-none-eabi/lib/thumb/v7e-m+fp/hard/libnosys.a(close.o)
                0x080082fc                _close
 .text._fstat   0x0800830c       0x10 /usr/lib/gcc/arm-none-eabi/13.1.0/../../../../arm-none-eabi/lib/thumb/v7e-m+fp/hard/libnosys.a(fstat.o)
                0x0800830c                _fstat
 .text._getpid  0x0800831c       0x10 /usr/lib/gcc/arm-none-eabi/13.1.0/../../../../arm-none-eabi/lib/thumb/v7e-m+fp/hard/libnosys.a(getpid.o)
                0x0800831c                _getpid
 .text._isatty  0x0800832c       0x10 /usr/lib/gcc/arm-none-eabi/13.1.0/../../../../arm-none-eabi/lib/thumb/v7e-m+fp/hard/libnosys.a(isatty.o)
                0x0800832c                _isatty
 .text._kill    0x0800833c       0x10 /usr/lib/gcc/arm-none-eabi/13.1.0/../../../../arm-none-eabi/lib/thumb/v7e-m+fp/hard/libnosys.a(kill.o)
                0x0800833c                _kill
 .text._lseek   0x0800834c       0x10 /usr/lib/gcc/arm-none-eabi/13.1.0/../../../../arm-none-eabi/lib/thumb/v7e-m+fp/hard/libnosys.a(lseek.o)
                0x0800834c                _lseek
 .text._read    0x0800835c       0x10 /usr/lib/gcc/arm-none-eabi/13.1.0/../../../../arm-none-eabi/lib/thumb/v7e-m+fp/hard/libnosys.a(read.o)
                0x0800835c                _read
 .text._sbrk    0x0800836c       0x1c /usr/lib/gcc/arm-none-eabi/13.1.0/../../../../arm-none-eabi/lib/thumb/v7e-m+fp/hard/libnosys.a(sbrk.o)
                0x0800836c                _sbrk
 .text._write   0x08008388       0x10 /usr/lib/gcc/arm-none-eabi/13.1.0/../../../../arm-none-eabi/lib/thumb/v7e-m+fp/hard/libnosys.a(write.o)
                0x08008388                _write
 .text._exit    0x08008398        0x4 /usr/lib/gcc/arm-none-eabi/13.1.0/../../../../arm-none-eabi/lib/thumb/v7e-m+fp/hard/libnosys.a(_exit.o)
                0x08008398                _exit
 .text.__udivmoddi4
                0x0800839c      0x2a0 /usr/lib/gcc/arm-none-eabi/13.1.0/thumb/v7e-m+fp/hard/libgcc.a(_udivmoddi4.o)
                0x0800839c                __udivmoddi4
 *(.glue_7)
 .glue_7        0x0800863c        0x0 linker stubs
 *(.glue_7t)
 .glue_7t       0x0800863c        0x0 linker stubs
 *(.eh_frame)
 .eh_frame      0x0800863c        0x0 /usr/lib/gcc/arm-none-eabi/13.1.0/thumb/v7e-m+fp/hard/crtbegin.o
 *(.init)
 .init          0x0800863c        0x4 /usr/lib/gcc/arm-none-eabi/13.1.0/thumb/v7e-m+fp/hard/crti.o
                0x0800863c                _init
 .init          0x08008640        0x8 /usr/lib/gcc/arm-none-eabi/13.1.0/thumb/v7e-m+fp/hard/crtn.o
 *(.fini)
 .fini          0x08008648        0x4 /usr/lib/gcc/arm-none-eabi/13.1.0/thumb/v7e-m+fp/hard/crti.o
                0x08008648                _fini
 .fini          0x0800864c        0x8 /usr/lib/gcc/arm-none-eabi/13.1.0/thumb/v7e-m+fp/hard/crtn.o
                0x08008654                        . = ALIGN (0x4)
                0x08008654                        _etext = .

.vfp11_veneer   0x08008654        0x0
 .vfp11_veneer  0x08008654        0x0 linker stubs

.v4_bx          0x08008654        0x0
 .v4_bx         0x08008654        0x0 linker stubs

.iplt           0x08008654        0x0
 .iplt          0x08008654        0x0 /usr/lib/gcc/arm-none-eabi/13.1.0/thumb/v7e-m+fp/hard/crtbegin.o

.rodata         0x08008658      0x3d8
                0x08008658                        . = ALIGN (0x4)
 *(.rodata)
 *(.rodata*)
 .rodata.HAL_CAN_ErrorCallback.str1.4
                0x08008658        0x8 build/can_utils.o
 .rodata.main.str1.4
                0x08008660        0xd build/main.o
 *fill*         0x0800866d        0x3 
 .rodata.APBPrescTable
                0x08008670        0x8 build/system_stm32f4xx.o
                0x08008670                APBPrescTable
 .rodata.AHBPrescTable
                0x08008678       0x10 build/system_stm32f4xx.o
                0x08008678                AHBPrescTable
 .rodata.flagBitshiftOffset.0
                0x08008688        0x8 build/stm32f4xx_hal_dma.o
 .rodata.LOGGER_log.str1.4
                0x08008690       0x5a build/logger.o
 .rodata._printf_float.str1.1
                0x080086ea       0x12 /usr/lib/gcc/arm-none-eabi/13.1.0/../../../../arm-none-eabi/lib/thumb/v7e-m+fp/hard/libc_nano.a(libc_a-nano-vfprintf_float.o)
 .rodata._printf_i.str1.1
                0x080086fc       0x22 /usr/lib/gcc/arm-none-eabi/13.1.0/../../../../arm-none-eabi/lib/thumb/v7e-m+fp/hard/libc_nano.a(libc_a-nano-vfprintf_i.o)
 .rodata._dtoa_r.str1.1
                0x0800871e       0x77 /usr/lib/gcc/arm-none-eabi/13.1.0/../../../../arm-none-eabi/lib/thumb/v7e-m+fp/hard/libc_nano.a(libc_a-dtoa.o)
                                 0x79 (size before relaxing)
 .rodata._Balloc.str1.1
                0x08008795       0x43 /usr/lib/gcc/arm-none-eabi/13.1.0/../../../../arm-none-eabi/lib/thumb/v7e-m+fp/hard/libc_nano.a(libc_a-mprec.o)
                                 0x5a (size before relaxing)
 .rodata.__multadd.str1.1
                0x080087d8       0x11 /usr/lib/gcc/arm-none-eabi/13.1.0/../../../../arm-none-eabi/lib/thumb/v7e-m+fp/hard/libc_nano.a(libc_a-mprec.o)
 .rodata.p05.0  0x080087d8        0xc /usr/lib/gcc/arm-none-eabi/13.1.0/../../../../arm-none-eabi/lib/thumb/v7e-m+fp/hard/libc_nano.a(libc_a-mprec.o)
 *fill*         0x080087e4        0x4 
 .rodata.__mprec_bigtens
                0x080087e8       0x28 /usr/lib/gcc/arm-none-eabi/13.1.0/../../../../arm-none-eabi/lib/thumb/v7e-m+fp/hard/libc_nano.a(libc_a-mprec.o)
                0x080087e8                __mprec_bigtens
 .rodata.__mprec_tens
                0x08008810       0xc8 /usr/lib/gcc/arm-none-eabi/13.1.0/../../../../arm-none-eabi/lib/thumb/v7e-m+fp/hard/libc_nano.a(libc_a-mprec.o)
                0x08008810                __mprec_tens
 .rodata._svfprintf_r.str1.1
                0x080088d8       0x11 /usr/lib/gcc/arm-none-eabi/13.1.0/../../../../arm-none-eabi/lib/thumb/v7e-m+fp/hard/libc_nano.a(libc_a-nano-svfprintf.o)
 .rodata._setlocale_r.str1.1
                0x080088e9        0x8 /usr/lib/gcc/arm-none-eabi/13.1.0/../../../../arm-none-eabi/lib/thumb/v7e-m+fp/hard/libc_nano.a(libc_a-locale.o)
                                  0x9 (size before relaxing)
 .rodata.str1.1
                0x080088f1        0x2 /usr/lib/gcc/arm-none-eabi/13.1.0/../../../../arm-none-eabi/lib/thumb/v7e-m+fp/hard/libc_nano.a(libc_a-locale.o)
 .rodata.__assert_func.str1.1
                0x080088f3       0x3c /usr/lib/gcc/arm-none-eabi/13.1.0/../../../../arm-none-eabi/lib/thumb/v7e-m+fp/hard/libc_nano.a(libc_a-assert.o)
                                 0x3d (size before relaxing)
 .rodata._ctype_
                0x0800892f      0x101 /usr/lib/gcc/arm-none-eabi/13.1.0/../../../../arm-none-eabi/lib/thumb/v7e-m+fp/hard/libc_nano.a(libc_a-ctype_.o)
                0x0800892f                _ctype_
 .rodata._vfprintf_r.str1.1
                0x08008a30       0x11 /usr/lib/gcc/arm-none-eabi/13.1.0/../../../../arm-none-eabi/lib/thumb/v7e-m+fp/hard/libc_nano.a(libc_a-nano-vfprintf.o)
                0x08008a44                        . = ALIGN (0x4)

.ARM.extab
 *(.ARM.extab* .gnu.linkonce.armextab.*)

.ARM            0x08008a30        0x8
                0x08008a30                        __exidx_start = .
 *(.ARM.exidx*)
 .ARM.exidx     0x08008a30        0x8 /usr/lib/gcc/arm-none-eabi/13.1.0/../../../../arm-none-eabi/lib/thumb/v7e-m+fp/hard/libc_nano.a(libc_a-memchr.o)
 .ARM.exidx     0x08008a38        0x0 /usr/lib/gcc/arm-none-eabi/13.1.0/../../../../arm-none-eabi/lib/thumb/v7e-m+fp/hard/libc_nano.a(libc_a-strlen.o)
                                  0x8 (size before relaxing)
 .ARM.exidx.text.__udivmoddi4
                0x08008a38        0x0 /usr/lib/gcc/arm-none-eabi/13.1.0/thumb/v7e-m+fp/hard/libgcc.a(_udivmoddi4.o)
                                  0x8 (size before relaxing)
                0x08008a38                        __exidx_end = .

.rel.dyn        0x08008a38        0x0
 .rel.iplt      0x08008a38        0x0 /usr/lib/gcc/arm-none-eabi/13.1.0/thumb/v7e-m+fp/hard/crtbegin.o

.preinit_array  0x08008a38        0x0
                0x08008a38                        PROVIDE (__preinit_array_start = .)
 *(.preinit_array*)
                0x08008a38                        PROVIDE (__preinit_array_end = .)

.init_array     0x08008a38        0x4
                0x08008a38                        PROVIDE (__init_array_start = .)
 *(SORT_BY_NAME(.init_array.*))
 *(.init_array*)
 .init_array    0x08008a38        0x4 /usr/lib/gcc/arm-none-eabi/13.1.0/thumb/v7e-m+fp/hard/crtbegin.o
                0x08008a3c                        PROVIDE (__init_array_end = .)

.fini_array     0x08008a3c        0x4
                0x08008a3c                        PROVIDE (__fini_array_start = .)
 *(SORT_BY_NAME(.fini_array.*))
 *(.fini_array*)
 .fini_array    0x08008a3c        0x4 /usr/lib/gcc/arm-none-eabi/13.1.0/thumb/v7e-m+fp/hard/crtbegin.o
                0x08008a40                        PROVIDE (__fini_array_end = .)
                0x08008a40                        _sidata = LOADADDR (.data)

.data           0x20000000      0x1d8 load address 0x08008a40
                0x20000000                        . = ALIGN (0x4)
                0x20000000                        _sdata = .
 *(.data)
 *(.data*)
 .data.is_first.0
                0x20000000        0x1 build/anal.o
 *fill*         0x20000001        0x3 
 .data.SystemCoreClock
                0x20000004        0x4 build/system_stm32f4xx.o
                0x20000004                SystemCoreClock
 .data.uwTickFreq
                0x20000008        0x1 build/stm32f4xx_hal.o
                0x20000008                uwTickFreq
 *fill*         0x20000009        0x3 
 .data.uwTickPrio
                0x2000000c        0x4 build/stm32f4xx_hal.o
                0x2000000c                uwTickPrio
 .data.__sglue  0x20000010        0xc /usr/lib/gcc/arm-none-eabi/13.1.0/../../../../arm-none-eabi/lib/thumb/v7e-m+fp/hard/libc_nano.a(libc_a-findfp.o)
                0x20000010                __sglue
 .data._impure_ptr
                0x2000001c        0x4 /usr/lib/gcc/arm-none-eabi/13.1.0/../../../../arm-none-eabi/lib/thumb/v7e-m+fp/hard/libc_nano.a(libc_a-impure.o)
                0x2000001c                _impure_ptr
 .data._impure_data
                0x20000020       0x4c /usr/lib/gcc/arm-none-eabi/13.1.0/../../../../arm-none-eabi/lib/thumb/v7e-m+fp/hard/libc_nano.a(libc_a-impure.o)
                0x20000020                _impure_data
 .data.__global_locale
                0x2000006c      0x16c /usr/lib/gcc/arm-none-eabi/13.1.0/../../../../arm-none-eabi/lib/thumb/v7e-m+fp/hard/libc_nano.a(libc_a-locale.o)
                0x2000006c                __global_locale
                0x200001d8                        . = ALIGN (0x4)
                0x200001d8                        _edata = .

.igot.plt       0x200001d8        0x0 load address 0x08008c18
 .igot.plt      0x200001d8        0x0 /usr/lib/gcc/arm-none-eabi/13.1.0/thumb/v7e-m+fp/hard/crtbegin.o
                0x200001d8                        . = ALIGN (0x4)

.bss            0x200001d8     0x1e10 load address 0x08008c18
                0x200001d8                        _sbss = .
                0x200001d8                        __bss_start__ = _sbss
 *(.bss)
 *(.bss*)
 .bss.completed.1
                0x200001d8        0x1 /usr/lib/gcc/arm-none-eabi/13.1.0/thumb/v7e-m+fp/hard/crtbegin.o
 *fill*         0x200001d9        0x3 
 .bss.object.0  0x200001dc       0x18 /usr/lib/gcc/arm-none-eabi/13.1.0/thumb/v7e-m+fp/hard/crtbegin.o
 .bss.hdma_adc1
                0x200001f4       0x60 build/adc.o
                0x200001f4                hdma_adc1
 .bss.hadc3     0x20000254       0x48 build/adc.o
                0x20000254                hadc3
 .bss.hadc1     0x2000029c       0x48 build/adc.o
                0x2000029c                hadc1
 .bss.anal_dma_data
                0x200002e4       0x1a build/anal.o
                0x200002e4                anal_dma_data
 *fill*         0x200002fe        0x2 
 .bss.anal_data
                0x20000300       0x1a build/anal.o
                0x20000300                anal_data
 *fill*         0x2000031a        0x2 
 .bss.hcan1     0x2000031c       0x28 build/can.o
                0x2000031c                hcan1
 .bss.can_send_timebase_handle
                0x20000344      0x914 build/can_send_timebase.o
                0x20000344                can_send_timebase_handle
 .bss.tx_header
                0x20000c58       0x18 build/can_utils.o
                0x20000c58                tx_header
 .bss.logger_handle
                0x20000c70       0x10 build/logger_wrapper.o
                0x20000c70                logger_handle
 .bss.logger_buffer
                0x20000c80     0x1000 build/logger_wrapper.o
                0x20000c80                logger_buffer
 .bss.hspi3     0x20001c80       0x58 build/spi.o
                0x20001c80                hspi3
 .bss.hspi2     0x20001cd8       0x58 build/spi.o
                0x20001cd8                hspi2
 .bss.htim12    0x20001d30       0x48 build/tim.o
                0x20001d30                htim12
 .bss.htim6     0x20001d78       0x48 build/tim.o
                0x20001d78                htim6
 .bss.htim2     0x20001dc0       0x48 build/tim.o
                0x20001dc0                htim2
 .bss.huart1    0x20001e08       0x44 build/usart.o
                0x20001e08                huart1
 .bss.huart5    0x20001e4c       0x44 build/usart.o
                0x20001e4c                huart5
 .bss.uwTick    0x20001e90        0x4 build/stm32f4xx_hal.o
                0x20001e90                uwTick
 .bss.errorcode.0
                0x20001e94        0x1 build/logger.o
 *fill*         0x20001e95        0x3 
 .bss.__sf      0x20001e98      0x138 /usr/lib/gcc/arm-none-eabi/13.1.0/../../../../arm-none-eabi/lib/thumb/v7e-m+fp/hard/libc_nano.a(libc_a-findfp.o)
                0x20001e98                __sf
 .bss.__stdio_exit_handler
                0x20001fd0        0x4 /usr/lib/gcc/arm-none-eabi/13.1.0/../../../../arm-none-eabi/lib/thumb/v7e-m+fp/hard/libc_nano.a(libc_a-findfp.o)
                0x20001fd0                __stdio_exit_handler
 .bss.errno     0x20001fd4        0x4 /usr/lib/gcc/arm-none-eabi/13.1.0/../../../../arm-none-eabi/lib/thumb/v7e-m+fp/hard/libc_nano.a(libc_a-reent.o)
                0x20001fd4                errno
 .bss.__lock___malloc_recursive_mutex
                0x20001fd8        0x1 /usr/lib/gcc/arm-none-eabi/13.1.0/../../../../arm-none-eabi/lib/thumb/v7e-m+fp/hard/libc_nano.a(libc_a-lock.o)
                0x20001fd8                __lock___malloc_recursive_mutex
 .bss.__lock___sfp_recursive_mutex
                0x20001fd9        0x1 /usr/lib/gcc/arm-none-eabi/13.1.0/../../../../arm-none-eabi/lib/thumb/v7e-m+fp/hard/libc_nano.a(libc_a-lock.o)
                0x20001fd9                __lock___sfp_recursive_mutex
 *fill*         0x20001fda        0x2 
 .bss.__malloc_sbrk_start
                0x20001fdc        0x4 /usr/lib/gcc/arm-none-eabi/13.1.0/../../../../arm-none-eabi/lib/thumb/v7e-m+fp/hard/libc_nano.a(libc_a-mallocr.o)
                0x20001fdc                __malloc_sbrk_start
 .bss.__malloc_free_list
                0x20001fe0        0x4 /usr/lib/gcc/arm-none-eabi/13.1.0/../../../../arm-none-eabi/lib/thumb/v7e-m+fp/hard/libc_nano.a(libc_a-mallocr.o)
                0x20001fe0                __malloc_free_list
 .bss.heap_end.0
                0x20001fe4        0x4 /usr/lib/gcc/arm-none-eabi/13.1.0/../../../../arm-none-eabi/lib/thumb/v7e-m+fp/hard/libnosys.a(sbrk.o)
 *(COMMON)
                0x20001fe8                        . = ALIGN (0x4)
                0x20001fe8                        _ebss = .
                0x20001fe8                        __bss_end__ = _ebss

._user_heap_stack
                0x20001fe8      0x600 load address 0x08008c18
                0x20001fe8                        . = ALIGN (0x8)
                0x20001fe8                        PROVIDE (end = .)
                [!provide]                        PROVIDE (_end = .)
                0x200021e8                        . = (. + _Min_Heap_Size)
 *fill*         0x20001fe8      0x200 
                0x200025e8                        . = (. + _Min_Stack_Size)
 *fill*         0x200021e8      0x400 
                0x200025e8                        . = ALIGN (0x8)

/DISCARD/
 libc.a(*)
 libm.a(*)
 libgcc.a(*)

.ARM.attributes
                0x00000000       0x30
 *(.ARM.attributes)
 .ARM.attributes
                0x00000000       0x22 /usr/lib/gcc/arm-none-eabi/13.1.0/thumb/v7e-m+fp/hard/crti.o
 .ARM.attributes
                0x00000022       0x34 /usr/lib/gcc/arm-none-eabi/13.1.0/thumb/v7e-m+fp/hard/crtbegin.o
 .ARM.attributes
                0x00000056       0x34 build/adc.o
 .ARM.attributes
                0x0000008a       0x34 build/anal.o
 .ARM.attributes
                0x000000be       0x34 build/can.o
 .ARM.attributes
                0x000000f2       0x34 build/can_send_timebase.o
 .ARM.attributes
                0x00000126       0x34 build/can_utils.o
 .ARM.attributes
                0x0000015a       0x34 build/dma.o
 .ARM.attributes
                0x0000018e       0x34 build/gpio.o
 .ARM.attributes
                0x000001c2       0x34 build/logger_wrapper.o
 .ARM.attributes
                0x000001f6       0x34 build/main.o
 .ARM.attributes
                0x0000022a       0x34 build/sc22_evo_canlv.o
 .ARM.attributes
                0x0000025e       0x34 build/spi.o
 .ARM.attributes
                0x00000292       0x34 build/stm32f4xx_hal_msp.o
 .ARM.attributes
                0x000002c6       0x34 build/stm32f4xx_it.o
 .ARM.attributes
                0x000002fa       0x34 build/system_stm32f4xx.o
 .ARM.attributes
                0x0000032e       0x34 build/tim.o
 .ARM.attributes
                0x00000362       0x34 build/usart.o
 .ARM.attributes
                0x00000396       0x34 build/stm32f4xx_hal.o
 .ARM.attributes
                0x000003ca       0x34 build/stm32f4xx_hal_adc.o
 .ARM.attributes
                0x000003fe       0x34 build/stm32f4xx_hal_adc_ex.o
 .ARM.attributes
                0x00000432       0x34 build/stm32f4xx_hal_can.o
 .ARM.attributes
                0x00000466       0x34 build/stm32f4xx_hal_cortex.o
 .ARM.attributes
                0x0000049a       0x34 build/stm32f4xx_hal_dma.o
 .ARM.attributes
                0x000004ce       0x34 build/stm32f4xx_hal_gpio.o
 .ARM.attributes
                0x00000502       0x34 build/stm32f4xx_hal_pwr_ex.o
 .ARM.attributes
                0x00000536       0x34 build/stm32f4xx_hal_rcc.o
 .ARM.attributes
                0x0000056a       0x34 build/stm32f4xx_hal_rcc_ex.o
 .ARM.attributes
                0x0000059e       0x34 build/stm32f4xx_hal_spi.o
 .ARM.attributes
                0x000005d2       0x34 build/stm32f4xx_hal_tim.o
 .ARM.attributes
                0x00000606       0x34 build/stm32f4xx_hal_tim_ex.o
 .ARM.attributes
                0x0000063a       0x34 build/stm32f4xx_hal_uart.o
 .ARM.attributes
                0x0000066e       0x34 build/logger.o
 .ARM.attributes
                0x000006a2       0x34 build/timebase.o
 .ARM.attributes
                0x000006d6       0x34 build/timer_utils.o
 .ARM.attributes
                0x0000070a       0x21 build/startup_stm32f446xx.o
 .ARM.attributes
                0x0000072b       0x34 /usr/lib/gcc/arm-none-eabi/13.1.0/../../../../arm-none-eabi/lib/thumb/v7e-m+fp/hard/libc_nano.a(libc_a-nano-vfprintf_float.o)
 .ARM.attributes
                0x0000075f       0x34 /usr/lib/gcc/arm-none-eabi/13.1.0/../../../../arm-none-eabi/lib/thumb/v7e-m+fp/hard/libc_nano.a(libc_a-nano-vfprintf_i.o)
 .ARM.attributes
                0x00000793       0x34 /usr/lib/gcc/arm-none-eabi/13.1.0/../../../../arm-none-eabi/lib/thumb/v7e-m+fp/hard/libc_nano.a(libc_a-findfp.o)
 .ARM.attributes
                0x000007c7       0x34 /usr/lib/gcc/arm-none-eabi/13.1.0/../../../../arm-none-eabi/lib/thumb/v7e-m+fp/hard/libc_nano.a(libc_a-fwalk.o)
 .ARM.attributes
                0x000007fb       0x34 /usr/lib/gcc/arm-none-eabi/13.1.0/../../../../arm-none-eabi/lib/thumb/v7e-m+fp/hard/libc_nano.a(libc_a-snprintf.o)
 .ARM.attributes
                0x0000082f       0x34 /usr/lib/gcc/arm-none-eabi/13.1.0/../../../../arm-none-eabi/lib/thumb/v7e-m+fp/hard/libc_nano.a(libc_a-stdio.o)
 .ARM.attributes
                0x00000863       0x34 /usr/lib/gcc/arm-none-eabi/13.1.0/../../../../arm-none-eabi/lib/thumb/v7e-m+fp/hard/libc_nano.a(libc_a-vsnprintf.o)
 .ARM.attributes
                0x00000897       0x34 /usr/lib/gcc/arm-none-eabi/13.1.0/../../../../arm-none-eabi/lib/thumb/v7e-m+fp/hard/libc_nano.a(libc_a-memset.o)
 .ARM.attributes
                0x000008cb       0x34 /usr/lib/gcc/arm-none-eabi/13.1.0/../../../../arm-none-eabi/lib/thumb/v7e-m+fp/hard/libc_nano.a(libc_a-localeconv.o)
 .ARM.attributes
                0x000008ff       0x34 /usr/lib/gcc/arm-none-eabi/13.1.0/../../../../arm-none-eabi/lib/thumb/v7e-m+fp/hard/libc_nano.a(libc_a-closer.o)
 .ARM.attributes
                0x00000933       0x34 /usr/lib/gcc/arm-none-eabi/13.1.0/../../../../arm-none-eabi/lib/thumb/v7e-m+fp/hard/libc_nano.a(libc_a-reent.o)
 .ARM.attributes
                0x00000967       0x34 /usr/lib/gcc/arm-none-eabi/13.1.0/../../../../arm-none-eabi/lib/thumb/v7e-m+fp/hard/libc_nano.a(libc_a-impure.o)
 .ARM.attributes
                0x0000099b       0x34 /usr/lib/gcc/arm-none-eabi/13.1.0/../../../../arm-none-eabi/lib/thumb/v7e-m+fp/hard/libc_nano.a(libc_a-lseekr.o)
 .ARM.attributes
                0x000009cf       0x34 /usr/lib/gcc/arm-none-eabi/13.1.0/../../../../arm-none-eabi/lib/thumb/v7e-m+fp/hard/libc_nano.a(libc_a-readr.o)
 .ARM.attributes
                0x00000a03       0x34 /usr/lib/gcc/arm-none-eabi/13.1.0/../../../../arm-none-eabi/lib/thumb/v7e-m+fp/hard/libc_nano.a(libc_a-writer.o)
 .ARM.attributes
                0x00000a37       0x34 /usr/lib/gcc/arm-none-eabi/13.1.0/../../../../arm-none-eabi/lib/thumb/v7e-m+fp/hard/libc_nano.a(libc_a-init.o)
 .ARM.attributes
                0x00000a6b       0x34 /usr/lib/gcc/arm-none-eabi/13.1.0/../../../../arm-none-eabi/lib/thumb/v7e-m+fp/hard/libc_nano.a(libc_a-lock.o)
 .ARM.attributes
                0x00000a9f       0x1c /usr/lib/gcc/arm-none-eabi/13.1.0/../../../../arm-none-eabi/lib/thumb/v7e-m+fp/hard/libc_nano.a(libc_a-memchr.o)
 .ARM.attributes
                0x00000abb       0x34 /usr/lib/gcc/arm-none-eabi/13.1.0/../../../../arm-none-eabi/lib/thumb/v7e-m+fp/hard/libc_nano.a(libc_a-memcpy-stub.o)
 .ARM.attributes
                0x00000aef       0x17 /usr/lib/gcc/arm-none-eabi/13.1.0/../../../../arm-none-eabi/lib/thumb/v7e-m+fp/hard/libc_nano.a(libc_a-strlen.o)
 .ARM.attributes
                0x00000b06       0x34 /usr/lib/gcc/arm-none-eabi/13.1.0/../../../../arm-none-eabi/lib/thumb/v7e-m+fp/hard/libc_nano.a(libc_a-dtoa.o)
 .ARM.attributes
                0x00000b3a       0x34 /usr/lib/gcc/arm-none-eabi/13.1.0/../../../../arm-none-eabi/lib/thumb/v7e-m+fp/hard/libc_nano.a(libc_a-freer.o)
 .ARM.attributes
                0x00000b6e       0x34 /usr/lib/gcc/arm-none-eabi/13.1.0/../../../../arm-none-eabi/lib/thumb/v7e-m+fp/hard/libc_nano.a(libc_a-malloc.o)
 .ARM.attributes
                0x00000ba2       0x34 /usr/lib/gcc/arm-none-eabi/13.1.0/../../../../arm-none-eabi/lib/thumb/v7e-m+fp/hard/libc_nano.a(libc_a-mallocr.o)
 .ARM.attributes
                0x00000bd6       0x34 /usr/lib/gcc/arm-none-eabi/13.1.0/../../../../arm-none-eabi/lib/thumb/v7e-m+fp/hard/libc_nano.a(libc_a-mlock.o)
 .ARM.attributes
                0x00000c0a       0x34 /usr/lib/gcc/arm-none-eabi/13.1.0/../../../../arm-none-eabi/lib/thumb/v7e-m+fp/hard/libc_nano.a(libc_a-mprec.o)
 .ARM.attributes
                0x00000c3e       0x34 /usr/lib/gcc/arm-none-eabi/13.1.0/../../../../arm-none-eabi/lib/thumb/v7e-m+fp/hard/libc_nano.a(libc_a-nano-svfprintf.o)
 .ARM.attributes
                0x00000c72       0x34 /usr/lib/gcc/arm-none-eabi/13.1.0/../../../../arm-none-eabi/lib/thumb/v7e-m+fp/hard/libc_nano.a(libc_a-fflush.o)
 .ARM.attributes
                0x00000ca6       0x34 /usr/lib/gcc/arm-none-eabi/13.1.0/../../../../arm-none-eabi/lib/thumb/v7e-m+fp/hard/libc_nano.a(libc_a-memmove.o)
 .ARM.attributes
                0x00000cda       0x34 /usr/lib/gcc/arm-none-eabi/13.1.0/../../../../arm-none-eabi/lib/thumb/v7e-m+fp/hard/libc_nano.a(libc_a-locale.o)
 .ARM.attributes
                0x00000d0e       0x34 /usr/lib/gcc/arm-none-eabi/13.1.0/../../../../arm-none-eabi/lib/thumb/v7e-m+fp/hard/libc_nano.a(libc_a-sbrkr.o)
 .ARM.attributes
                0x00000d42       0x34 /usr/lib/gcc/arm-none-eabi/13.1.0/../../../../arm-none-eabi/lib/thumb/v7e-m+fp/hard/libc_nano.a(libc_a-assert.o)
 .ARM.attributes
                0x00000d76       0x34 /usr/lib/gcc/arm-none-eabi/13.1.0/../../../../arm-none-eabi/lib/thumb/v7e-m+fp/hard/libc_nano.a(libc_a-callocr.o)
 .ARM.attributes
                0x00000daa       0x34 /usr/lib/gcc/arm-none-eabi/13.1.0/../../../../arm-none-eabi/lib/thumb/v7e-m+fp/hard/libc_nano.a(libc_a-mbtowc_r.o)
 .ARM.attributes
                0x00000dde       0x34 /usr/lib/gcc/arm-none-eabi/13.1.0/../../../../arm-none-eabi/lib/thumb/v7e-m+fp/hard/libc_nano.a(libc_a-reallocr.o)
 .ARM.attributes
                0x00000e12       0x34 /usr/lib/gcc/arm-none-eabi/13.1.0/../../../../arm-none-eabi/lib/thumb/v7e-m+fp/hard/libc_nano.a(libc_a-wctomb_r.o)
 .ARM.attributes
                0x00000e46       0x34 /usr/lib/gcc/arm-none-eabi/13.1.0/../../../../arm-none-eabi/lib/thumb/v7e-m+fp/hard/libc_nano.a(libc_a-ctype_.o)
 .ARM.attributes
                0x00000e7a       0x34 /usr/lib/gcc/arm-none-eabi/13.1.0/../../../../arm-none-eabi/lib/thumb/v7e-m+fp/hard/libc_nano.a(libc_a-fprintf.o)
 .ARM.attributes
                0x00000eae       0x34 /usr/lib/gcc/arm-none-eabi/13.1.0/../../../../arm-none-eabi/lib/thumb/v7e-m+fp/hard/libc_nano.a(libc_a-abort.o)
 .ARM.attributes
                0x00000ee2       0x34 /usr/lib/gcc/arm-none-eabi/13.1.0/../../../../arm-none-eabi/lib/thumb/v7e-m+fp/hard/libc_nano.a(libc_a-msizer.o)
 .ARM.attributes
                0x00000f16       0x34 /usr/lib/gcc/arm-none-eabi/13.1.0/../../../../arm-none-eabi/lib/thumb/v7e-m+fp/hard/libc_nano.a(libc_a-nano-vfprintf.o)
 .ARM.attributes
                0x00000f4a       0x34 /usr/lib/gcc/arm-none-eabi/13.1.0/../../../../arm-none-eabi/lib/thumb/v7e-m+fp/hard/libc_nano.a(libc_a-wbuf.o)
 .ARM.attributes
                0x00000f7e       0x34 /usr/lib/gcc/arm-none-eabi/13.1.0/../../../../arm-none-eabi/lib/thumb/v7e-m+fp/hard/libc_nano.a(libc_a-wsetup.o)
 .ARM.attributes
                0x00000fb2       0x34 /usr/lib/gcc/arm-none-eabi/13.1.0/../../../../arm-none-eabi/lib/thumb/v7e-m+fp/hard/libc_nano.a(libc_a-signal.o)
 .ARM.attributes
                0x00000fe6       0x34 /usr/lib/gcc/arm-none-eabi/13.1.0/../../../../arm-none-eabi/lib/thumb/v7e-m+fp/hard/libc_nano.a(libc_a-signalr.o)
 .ARM.attributes
                0x0000101a       0x34 /usr/lib/gcc/arm-none-eabi/13.1.0/../../../../arm-none-eabi/lib/thumb/v7e-m+fp/hard/libc_nano.a(libc_a-makebuf.o)
 .ARM.attributes
                0x0000104e       0x34 /usr/lib/gcc/arm-none-eabi/13.1.0/../../../../arm-none-eabi/lib/thumb/v7e-m+fp/hard/libc_nano.a(libc_a-fstatr.o)
 .ARM.attributes
                0x00001082       0x34 /usr/lib/gcc/arm-none-eabi/13.1.0/../../../../arm-none-eabi/lib/thumb/v7e-m+fp/hard/libc_nano.a(libc_a-isattyr.o)
 .ARM.attributes
                0x000010b6       0x34 /usr/lib/gcc/arm-none-eabi/13.1.0/../../../../arm-none-eabi/lib/thumb/v7e-m+fp/hard/libnosys.a(close.o)
 .ARM.attributes
                0x000010ea       0x34 /usr/lib/gcc/arm-none-eabi/13.1.0/../../../../arm-none-eabi/lib/thumb/v7e-m+fp/hard/libnosys.a(fstat.o)
 .ARM.attributes
                0x0000111e       0x34 /usr/lib/gcc/arm-none-eabi/13.1.0/../../../../arm-none-eabi/lib/thumb/v7e-m+fp/hard/libnosys.a(getpid.o)
 .ARM.attributes
                0x00001152       0x34 /usr/lib/gcc/arm-none-eabi/13.1.0/../../../../arm-none-eabi/lib/thumb/v7e-m+fp/hard/libnosys.a(isatty.o)
 .ARM.attributes
                0x00001186       0x34 /usr/lib/gcc/arm-none-eabi/13.1.0/../../../../arm-none-eabi/lib/thumb/v7e-m+fp/hard/libnosys.a(kill.o)
 .ARM.attributes
                0x000011ba       0x34 /usr/lib/gcc/arm-none-eabi/13.1.0/../../../../arm-none-eabi/lib/thumb/v7e-m+fp/hard/libnosys.a(lseek.o)
 .ARM.attributes
                0x000011ee       0x34 /usr/lib/gcc/arm-none-eabi/13.1.0/../../../../arm-none-eabi/lib/thumb/v7e-m+fp/hard/libnosys.a(read.o)
 .ARM.attributes
                0x00001222       0x34 /usr/lib/gcc/arm-none-eabi/13.1.0/../../../../arm-none-eabi/lib/thumb/v7e-m+fp/hard/libnosys.a(sbrk.o)
 .ARM.attributes
                0x00001256       0x34 /usr/lib/gcc/arm-none-eabi/13.1.0/../../../../arm-none-eabi/lib/thumb/v7e-m+fp/hard/libnosys.a(write.o)
 .ARM.attributes
                0x0000128a       0x34 /usr/lib/gcc/arm-none-eabi/13.1.0/../../../../arm-none-eabi/lib/thumb/v7e-m+fp/hard/libnosys.a(_exit.o)
 .ARM.attributes
                0x000012be       0x22 /usr/lib/gcc/arm-none-eabi/13.1.0/thumb/v7e-m+fp/hard/libgcc.a(_arm_addsubdf3.o)
 .ARM.attributes
                0x000012e0       0x22 /usr/lib/gcc/arm-none-eabi/13.1.0/thumb/v7e-m+fp/hard/libgcc.a(_arm_muldivdf3.o)
 .ARM.attributes
                0x00001302       0x22 /usr/lib/gcc/arm-none-eabi/13.1.0/thumb/v7e-m+fp/hard/libgcc.a(_arm_cmpdf2.o)
 .ARM.attributes
                0x00001324       0x22 /usr/lib/gcc/arm-none-eabi/13.1.0/thumb/v7e-m+fp/hard/libgcc.a(_arm_unorddf2.o)
 .ARM.attributes
                0x00001346       0x22 /usr/lib/gcc/arm-none-eabi/13.1.0/thumb/v7e-m+fp/hard/libgcc.a(_arm_fixdfsi.o)
 .ARM.attributes
                0x00001368       0x22 /usr/lib/gcc/arm-none-eabi/13.1.0/thumb/v7e-m+fp/hard/libgcc.a(_arm_fixunsdfsi.o)
 .ARM.attributes
                0x0000138a       0x22 /usr/lib/gcc/arm-none-eabi/13.1.0/thumb/v7e-m+fp/hard/libgcc.a(_aeabi_uldivmod.o)
 .ARM.attributes
                0x000013ac       0x34 /usr/lib/gcc/arm-none-eabi/13.1.0/thumb/v7e-m+fp/hard/libgcc.a(_udivmoddi4.o)
 .ARM.attributes
                0x000013e0       0x22 /usr/lib/gcc/arm-none-eabi/13.1.0/thumb/v7e-m+fp/hard/libgcc.a(_dvmd_tls.o)
 .ARM.attributes
                0x00001402       0x22 /usr/lib/gcc/arm-none-eabi/13.1.0/thumb/v7e-m+fp/hard/crtn.o
OUTPUT(build/sensor_board.elf elf32-littlearm)
LOAD linker stubs
LOAD /usr/lib/gcc/arm-none-eabi/13.1.0/../../../../arm-none-eabi/lib/thumb/v7e-m+fp/hard/libc.a
LOAD /usr/lib/gcc/arm-none-eabi/13.1.0/../../../../arm-none-eabi/lib/thumb/v7e-m+fp/hard/libm.a
LOAD /usr/lib/gcc/arm-none-eabi/13.1.0/thumb/v7e-m+fp/hard/libgcc.a

.debug_info     0x00000000    0x43a57
 .debug_info    0x00000000     0x114a build/adc.o
 .debug_info    0x0000114a      0x78a build/anal.o
 .debug_info    0x000018d4      0xc84 build/can.o
 .debug_info    0x00002558      0xcab build/can_send_timebase.o
 .debug_info    0x00003203     0x16e9 build/can_utils.o
 .debug_info    0x000048ec      0x529 build/dma.o
 .debug_info    0x00004e15      0x584 build/gpio.o
 .debug_info    0x00005399      0x797 build/logger_wrapper.o
 .debug_info    0x00005b30      0xe33 build/main.o
 .debug_info    0x00006963     0x9d0c build/sc22_evo_canlv.o
 .debug_info    0x0001066f      0xb35 build/spi.o
 .debug_info    0x000111a4      0x295 build/stm32f4xx_hal_msp.o
 .debug_info    0x00011439     0x10e9 build/stm32f4xx_it.o
 .debug_info    0x00012522      0x55f build/system_stm32f4xx.o
 .debug_info    0x00012a81     0x1215 build/tim.o
 .debug_info    0x00013c96      0xd72 build/usart.o
 .debug_info    0x00014a08      0xa3c build/stm32f4xx_hal.o
 .debug_info    0x00015444      0xe82 build/stm32f4xx_hal_adc.o
 .debug_info    0x000162c6      0xc6a build/stm32f4xx_hal_adc_ex.o
 .debug_info    0x00016f30     0x11a8 build/stm32f4xx_hal_can.o
 .debug_info    0x000180d8      0xfc7 build/stm32f4xx_hal_cortex.o
 .debug_info    0x0001909f      0xad9 build/stm32f4xx_hal_dma.o
 .debug_info    0x00019b78      0x74c build/stm32f4xx_hal_gpio.o
 .debug_info    0x0001a2c4      0x7a6 build/stm32f4xx_hal_pwr_ex.o
 .debug_info    0x0001aa6a      0xaab build/stm32f4xx_hal_rcc.o
 .debug_info    0x0001b515      0xc4f build/stm32f4xx_hal_rcc_ex.o
 .debug_info    0x0001c164     0x1dac build/stm32f4xx_hal_spi.o
 .debug_info    0x0001df10     0x3bd9 build/stm32f4xx_hal_tim.o
 .debug_info    0x00021ae9     0x1abf build/stm32f4xx_hal_tim_ex.o
 .debug_info    0x000235a8     0x4116 build/stm32f4xx_hal_uart.o
 .debug_info    0x000276be      0x3fe build/logger.o
 .debug_info    0x00027abc      0xa4b build/timebase.o
 .debug_info    0x00028507      0x73f build/timer_utils.o
 .debug_info    0x00028c46       0x30 build/startup_stm32f446xx.o
 .debug_info    0x00028c76     0x12e3 /usr/lib/gcc/arm-none-eabi/13.1.0/../../../../arm-none-eabi/lib/thumb/v7e-m+fp/hard/libc_nano.a(libc_a-nano-vfprintf_float.o)
 .debug_info    0x00029f59      0xde2 /usr/lib/gcc/arm-none-eabi/13.1.0/../../../../arm-none-eabi/lib/thumb/v7e-m+fp/hard/libc_nano.a(libc_a-nano-vfprintf_i.o)
 .debug_info    0x0002ad3b      0xfa9 /usr/lib/gcc/arm-none-eabi/13.1.0/../../../../arm-none-eabi/lib/thumb/v7e-m+fp/hard/libc_nano.a(libc_a-findfp.o)
 .debug_info    0x0002bce4      0x7d2 /usr/lib/gcc/arm-none-eabi/13.1.0/../../../../arm-none-eabi/lib/thumb/v7e-m+fp/hard/libc_nano.a(libc_a-fwalk.o)
 .debug_info    0x0002c4b6      0x8b9 /usr/lib/gcc/arm-none-eabi/13.1.0/../../../../arm-none-eabi/lib/thumb/v7e-m+fp/hard/libc_nano.a(libc_a-snprintf.o)
 .debug_info    0x0002cd6f      0xa54 /usr/lib/gcc/arm-none-eabi/13.1.0/../../../../arm-none-eabi/lib/thumb/v7e-m+fp/hard/libc_nano.a(libc_a-stdio.o)
 .debug_info    0x0002d7c3      0x88a /usr/lib/gcc/arm-none-eabi/13.1.0/../../../../arm-none-eabi/lib/thumb/v7e-m+fp/hard/libc_nano.a(libc_a-vsnprintf.o)
 .debug_info    0x0002e04d       0xe0 /usr/lib/gcc/arm-none-eabi/13.1.0/../../../../arm-none-eabi/lib/thumb/v7e-m+fp/hard/libc_nano.a(libc_a-memset.o)
 .debug_info    0x0002e12d      0xa18 /usr/lib/gcc/arm-none-eabi/13.1.0/../../../../arm-none-eabi/lib/thumb/v7e-m+fp/hard/libc_nano.a(libc_a-localeconv.o)